Simulator report for RAM32x8bit
Sun Mar 26 22:29:02 2023
Quartus II 64-Bit Version 13.0.1 Build 232 06/12/2013 Service Pack 1 SJ Web Edition


---------------------
; Table of Contents ;
---------------------
  1. Legal Notice
  2. Simulator Summary
  3. Simulator Settings
  4. Simulation Waveforms
  5. Coverage Summary
  6. Complete 1/0-Value Coverage
  7. Missing 1-Value Coverage
  8. Missing 0-Value Coverage
  9. Simulator INI Usage
 10. Simulator Messages



----------------
; Legal Notice ;
----------------
Copyright (C) 1991-2013 Altera Corporation
Your use of Altera Corporation's design tools, logic functions 
and other software and tools, and its AMPP partner logic 
functions, and any output files from any of the foregoing 
(including device programming or simulation files), and any 
associated documentation or information are expressly subject 
to the terms and conditions of the Altera Program License 
Subscription Agreement, Altera MegaCore Function License 
Agreement, or other applicable license agreement, including, 
without limitation, that your use is for the sole purpose of 
programming logic devices manufactured by Altera and sold by 
Altera or its authorized distributors.  Please refer to the 
applicable agreement for further details.



+--------------------------------------------+
; Simulator Summary                          ;
+-----------------------------+--------------+
; Type                        ; Value        ;
+-----------------------------+--------------+
; Simulation Start Time       ; 0 ps         ;
; Simulation End Time         ; 1.0 us       ;
; Simulation Netlist Size     ; 519 nodes    ;
; Simulation Coverage         ;      62.04 % ;
; Total Number of Transitions ; 4992         ;
; Simulation Breakpoints      ; 0            ;
; Family                      ; Cyclone II   ;
+-----------------------------+--------------+


+-----------------------------------------------------------------------------------------------------------------------------------------------------------------+
; Simulator Settings                                                                                                                                              ;
+--------------------------------------------------------------------------------------------+----------------------------------------------------+---------------+
; Option                                                                                     ; Setting                                            ; Default Value ;
+--------------------------------------------------------------------------------------------+----------------------------------------------------+---------------+
; Simulation mode                                                                            ; Functional                                         ; Timing        ;
; Start time                                                                                 ; 0 ns                                               ; 0 ns          ;
; Simulation results format                                                                  ; VWF                                                ;               ;
; Vector input source                                                                        ; E:/THIET_KE_LUAN_LY_SO/RAM32x8bit/RAM16X8BITWF.vwf ;               ;
; Add pins automatically to simulation output waveforms                                      ; On                                                 ; On            ;
; Check outputs                                                                              ; Off                                                ; Off           ;
; Report simulation coverage                                                                 ; On                                                 ; On            ;
; Display complete 1/0 value coverage report                                                 ; On                                                 ; On            ;
; Display missing 1-value coverage report                                                    ; On                                                 ; On            ;
; Display missing 0-value coverage report                                                    ; On                                                 ; On            ;
; Detect setup and hold time violations                                                      ; Off                                                ; Off           ;
; Detect glitches                                                                            ; Off                                                ; Off           ;
; Disable timing delays in Timing Simulation                                                 ; Off                                                ; Off           ;
; Generate Signal Activity File                                                              ; Off                                                ; Off           ;
; Generate VCD File for PowerPlay Power Analyzer                                             ; Off                                                ; Off           ;
; Group bus channels in simulation results                                                   ; Off                                                ; Off           ;
; Preserve fewer signal transitions to reduce memory requirements                            ; On                                                 ; On            ;
; Trigger vector comparison with the specified mode                                          ; INPUT_EDGE                                         ; INPUT_EDGE    ;
; Disable setup and hold time violations detection in input registers of bi-directional pins ; Off                                                ; Off           ;
; Overwrite Waveform Inputs With Simulation Outputs                                          ; Off                                                ;               ;
; Perform Glitch Filtering in Timing Simulation                                              ; Auto                                               ; Auto          ;
+--------------------------------------------------------------------------------------------+----------------------------------------------------+---------------+


+----------------------+
; Simulation Waveforms ;
+----------------------+
Waveform report data cannot be output to ASCII.
Please use Quartus II 64-Bit to view the waveform report data.


+--------------------------------------------------------------------+
; Coverage Summary                                                   ;
+-----------------------------------------------------+--------------+
; Type                                                ; Value        ;
+-----------------------------------------------------+--------------+
; Total coverage as a percentage                      ;      62.04 % ;
; Total nodes checked                                 ; 519          ;
; Total output ports checked                          ; 519          ;
; Total output ports with complete 1/0-value coverage ; 322          ;
; Total output ports with no 1/0-value coverage       ; 3            ;
; Total output ports with no 1-value coverage         ; 166          ;
; Total output ports with no 0-value coverage         ; 34           ;
+-----------------------------------------------------+--------------+


The following table displays output ports that toggle between 1 and 0 during simulation.
+----------------------------------------------------------------------------------------------------------------------------------------------------------+
; Complete 1/0-Value Coverage                                                                                                                              ;
+-------------------------------------------------------------------+-------------------------------------------------------------------+------------------+
; Node Name                                                         ; Output Port Name                                                  ; Output Port Type ;
+-------------------------------------------------------------------+-------------------------------------------------------------------+------------------+
; |RAM16x8bit|OUT[5]                                                ; |RAM16x8bit|OUT[5]                                                ; pin_out          ;
; |RAM16x8bit|OUT[4]                                                ; |RAM16x8bit|OUT[4]                                                ; pin_out          ;
; |RAM16x8bit|OUT[3]                                                ; |RAM16x8bit|OUT[3]                                                ; pin_out          ;
; |RAM16x8bit|OUT[2]                                                ; |RAM16x8bit|OUT[2]                                                ; pin_out          ;
; |RAM16x8bit|OUT[1]                                                ; |RAM16x8bit|OUT[1]                                                ; pin_out          ;
; |RAM16x8bit|OUT[0]                                                ; |RAM16x8bit|OUT[0]                                                ; pin_out          ;
; |RAM16x8bit|OUT~2                                                 ; |RAM16x8bit|OUT~2                                                 ; out0             ;
; |RAM16x8bit|OUT~3                                                 ; |RAM16x8bit|OUT~3                                                 ; out0             ;
; |RAM16x8bit|OUT~4                                                 ; |RAM16x8bit|OUT~4                                                 ; out0             ;
; |RAM16x8bit|OUT~5                                                 ; |RAM16x8bit|OUT~5                                                 ; out0             ;
; |RAM16x8bit|OUT~6                                                 ; |RAM16x8bit|OUT~6                                                 ; out0             ;
; |RAM16x8bit|OUT~7                                                 ; |RAM16x8bit|OUT~7                                                 ; out0             ;
; |RAM16x8bit|inst6[5]                                              ; |RAM16x8bit|inst6[5]                                              ; out              ;
; |RAM16x8bit|inst6[4]                                              ; |RAM16x8bit|inst6[4]                                              ; out              ;
; |RAM16x8bit|inst6[3]                                              ; |RAM16x8bit|inst6[3]                                              ; out              ;
; |RAM16x8bit|inst6[2]                                              ; |RAM16x8bit|inst6[2]                                              ; out              ;
; |RAM16x8bit|inst6[1]                                              ; |RAM16x8bit|inst6[1]                                              ; out              ;
; |RAM16x8bit|inst6[0]                                              ; |RAM16x8bit|inst6[0]                                              ; out              ;
; |RAM16x8bit|A[3]                                                  ; |RAM16x8bit|A[3]                                                  ; out              ;
; |RAM16x8bit|A[2]                                                  ; |RAM16x8bit|A[2]                                                  ; out              ;
; |RAM16x8bit|A[1]                                                  ; |RAM16x8bit|A[1]                                                  ; out              ;
; |RAM16x8bit|A[0]                                                  ; |RAM16x8bit|A[0]                                                  ; out              ;
; |RAM16x8bit|inst8                                                 ; |RAM16x8bit|inst8                                                 ; out0             ;
; |RAM16x8bit|RWS                                                   ; |RAM16x8bit|RWS                                                   ; out              ;
; |RAM16x8bit|inst80                                                ; |RAM16x8bit|inst80                                                ; out0             ;
; |RAM16x8bit|IN[4]                                                 ; |RAM16x8bit|IN[4]                                                 ; out              ;
; |RAM16x8bit|IN[3]                                                 ; |RAM16x8bit|IN[3]                                                 ; out              ;
; |RAM16x8bit|IN[2]                                                 ; |RAM16x8bit|IN[2]                                                 ; out              ;
; |RAM16x8bit|IN[1]                                                 ; |RAM16x8bit|IN[1]                                                 ; out              ;
; |RAM16x8bit|IN[0]                                                 ; |RAM16x8bit|IN[0]                                                 ; out              ;
; |RAM16x8bit|inst3[2]                                              ; |RAM16x8bit|inst3[2]                                              ; out              ;
; |RAM16x8bit|inst3[1]                                              ; |RAM16x8bit|inst3[1]                                              ; out              ;
; |RAM16x8bit|inst3[0]                                              ; |RAM16x8bit|inst3[0]                                              ; out              ;
; |RAM16x8bit|inst70                                                ; |RAM16x8bit|inst70                                                ; out0             ;
; |RAM16x8bit|inst2[5]                                              ; |RAM16x8bit|inst2[5]                                              ; out              ;
; |RAM16x8bit|inst2[3]                                              ; |RAM16x8bit|inst2[3]                                              ; out              ;
; |RAM16x8bit|inst2[2]                                              ; |RAM16x8bit|inst2[2]                                              ; out              ;
; |RAM16x8bit|inst2[1]                                              ; |RAM16x8bit|inst2[1]                                              ; out              ;
; |RAM16x8bit|inst2[0]                                              ; |RAM16x8bit|inst2[0]                                              ; out              ;
; |RAM16x8bit|inst60                                                ; |RAM16x8bit|inst60                                                ; out0             ;
; |RAM16x8bit|inst1[5]                                              ; |RAM16x8bit|inst1[5]                                              ; out              ;
; |RAM16x8bit|inst1[3]                                              ; |RAM16x8bit|inst1[3]                                              ; out              ;
; |RAM16x8bit|inst1[2]                                              ; |RAM16x8bit|inst1[2]                                              ; out              ;
; |RAM16x8bit|inst1[1]                                              ; |RAM16x8bit|inst1[1]                                              ; out              ;
; |RAM16x8bit|inst1[0]                                              ; |RAM16x8bit|inst1[0]                                              ; out              ;
; |RAM16x8bit|inst5                                                 ; |RAM16x8bit|inst5                                                 ; out0             ;
; |RAM16x8bit|RAM4x8bit:inst10|OUT[5]                               ; |RAM16x8bit|RAM4x8bit:inst10|OUT[5]                               ; out0             ;
; |RAM16x8bit|RAM4x8bit:inst10|OUT[3]                               ; |RAM16x8bit|RAM4x8bit:inst10|OUT[3]                               ; out0             ;
; |RAM16x8bit|RAM4x8bit:inst10|OUT[2]                               ; |RAM16x8bit|RAM4x8bit:inst10|OUT[2]                               ; out0             ;
; |RAM16x8bit|RAM4x8bit:inst10|OUT[1]                               ; |RAM16x8bit|RAM4x8bit:inst10|OUT[1]                               ; out0             ;
; |RAM16x8bit|RAM4x8bit:inst10|OUT[0]                               ; |RAM16x8bit|RAM4x8bit:inst10|OUT[0]                               ; out0             ;
; |RAM16x8bit|RAM4x8bit:inst10|inst34                               ; |RAM16x8bit|RAM4x8bit:inst10|inst34                               ; out0             ;
; |RAM16x8bit|RAM4x8bit:inst10|inst5                                ; |RAM16x8bit|RAM4x8bit:inst10|inst5                                ; out0             ;
; |RAM16x8bit|RAM4x8bit:inst10|inst35                               ; |RAM16x8bit|RAM4x8bit:inst10|inst35                               ; out0             ;
; |RAM16x8bit|RAM4x8bit:inst10|inst37                               ; |RAM16x8bit|RAM4x8bit:inst10|inst37                               ; out0             ;
; |RAM16x8bit|RAM4x8bit:inst10|MCx8:inst|MCx4:inst|MC:inst6|inst2   ; |RAM16x8bit|RAM4x8bit:inst10|MCx8:inst|MCx4:inst|MC:inst6|inst2   ; out0             ;
; |RAM16x8bit|RAM4x8bit:inst10|MCx8:inst|MCx4:inst|MC:inst5|inst    ; |RAM16x8bit|RAM4x8bit:inst10|MCx8:inst|MCx4:inst|MC:inst5|inst    ; out              ;
; |RAM16x8bit|RAM4x8bit:inst10|MCx8:inst|MCx4:inst|MC:inst5|inst0   ; |RAM16x8bit|RAM4x8bit:inst10|MCx8:inst|MCx4:inst|MC:inst5|inst0   ; out              ;
; |RAM16x8bit|RAM4x8bit:inst10|MCx8:inst|MCx4:inst|MC:inst5|inst2   ; |RAM16x8bit|RAM4x8bit:inst10|MCx8:inst|MCx4:inst|MC:inst5|inst2   ; out0             ;
; |RAM16x8bit|RAM4x8bit:inst10|MCx8:inst|MCx4:inst|MC:inst4|inst2   ; |RAM16x8bit|RAM4x8bit:inst10|MCx8:inst|MCx4:inst|MC:inst4|inst2   ; out0             ;
; |RAM16x8bit|RAM4x8bit:inst10|MCx8:inst|MCx4:inst|MC:inst|inst2    ; |RAM16x8bit|RAM4x8bit:inst10|MCx8:inst|MCx4:inst|MC:inst|inst2    ; out0             ;
; |RAM16x8bit|RAM4x8bit:inst10|MCx8:inst|MCx4:inst1|MC:inst6|inst   ; |RAM16x8bit|RAM4x8bit:inst10|MCx8:inst|MCx4:inst1|MC:inst6|inst   ; out              ;
; |RAM16x8bit|RAM4x8bit:inst10|MCx8:inst|MCx4:inst1|MC:inst6|inst0  ; |RAM16x8bit|RAM4x8bit:inst10|MCx8:inst|MCx4:inst1|MC:inst6|inst0  ; out              ;
; |RAM16x8bit|RAM4x8bit:inst10|MCx8:inst|MCx4:inst1|MC:inst6|inst2  ; |RAM16x8bit|RAM4x8bit:inst10|MCx8:inst|MCx4:inst1|MC:inst6|inst2  ; out0             ;
; |RAM16x8bit|RAM4x8bit:inst10|MCx8:inst|MCx4:inst1|MC:inst5|inst2  ; |RAM16x8bit|RAM4x8bit:inst10|MCx8:inst|MCx4:inst1|MC:inst5|inst2  ; out0             ;
; |RAM16x8bit|RAM4x8bit:inst10|MCx8:inst|MCx4:inst1|MC:inst4|inst2  ; |RAM16x8bit|RAM4x8bit:inst10|MCx8:inst|MCx4:inst1|MC:inst4|inst2  ; out0             ;
; |RAM16x8bit|RAM4x8bit:inst10|MCx8:inst|MCx4:inst1|MC:inst|inst    ; |RAM16x8bit|RAM4x8bit:inst10|MCx8:inst|MCx4:inst1|MC:inst|inst    ; out              ;
; |RAM16x8bit|RAM4x8bit:inst10|MCx8:inst|MCx4:inst1|MC:inst|inst0   ; |RAM16x8bit|RAM4x8bit:inst10|MCx8:inst|MCx4:inst1|MC:inst|inst0   ; out              ;
; |RAM16x8bit|RAM4x8bit:inst10|MCx8:inst|MCx4:inst1|MC:inst|inst2   ; |RAM16x8bit|RAM4x8bit:inst10|MCx8:inst|MCx4:inst1|MC:inst|inst2   ; out0             ;
; |RAM16x8bit|RAM4x8bit:inst10|MCx8:inst1|MCx4:inst|MC:inst6|inst2  ; |RAM16x8bit|RAM4x8bit:inst10|MCx8:inst1|MCx4:inst|MC:inst6|inst2  ; out0             ;
; |RAM16x8bit|RAM4x8bit:inst10|MCx8:inst1|MCx4:inst|MC:inst5|inst   ; |RAM16x8bit|RAM4x8bit:inst10|MCx8:inst1|MCx4:inst|MC:inst5|inst   ; out              ;
; |RAM16x8bit|RAM4x8bit:inst10|MCx8:inst1|MCx4:inst|MC:inst5|inst0  ; |RAM16x8bit|RAM4x8bit:inst10|MCx8:inst1|MCx4:inst|MC:inst5|inst0  ; out              ;
; |RAM16x8bit|RAM4x8bit:inst10|MCx8:inst1|MCx4:inst|MC:inst5|inst2  ; |RAM16x8bit|RAM4x8bit:inst10|MCx8:inst1|MCx4:inst|MC:inst5|inst2  ; out0             ;
; |RAM16x8bit|RAM4x8bit:inst10|MCx8:inst1|MCx4:inst|MC:inst4|inst2  ; |RAM16x8bit|RAM4x8bit:inst10|MCx8:inst1|MCx4:inst|MC:inst4|inst2  ; out0             ;
; |RAM16x8bit|RAM4x8bit:inst10|MCx8:inst1|MCx4:inst|MC:inst|inst2   ; |RAM16x8bit|RAM4x8bit:inst10|MCx8:inst1|MCx4:inst|MC:inst|inst2   ; out0             ;
; |RAM16x8bit|RAM4x8bit:inst10|MCx8:inst1|MCx4:inst1|MC:inst6|inst  ; |RAM16x8bit|RAM4x8bit:inst10|MCx8:inst1|MCx4:inst1|MC:inst6|inst  ; out              ;
; |RAM16x8bit|RAM4x8bit:inst10|MCx8:inst1|MCx4:inst1|MC:inst6|inst0 ; |RAM16x8bit|RAM4x8bit:inst10|MCx8:inst1|MCx4:inst1|MC:inst6|inst0 ; out              ;
; |RAM16x8bit|RAM4x8bit:inst10|MCx8:inst1|MCx4:inst1|MC:inst6|inst2 ; |RAM16x8bit|RAM4x8bit:inst10|MCx8:inst1|MCx4:inst1|MC:inst6|inst2 ; out0             ;
; |RAM16x8bit|RAM4x8bit:inst10|MCx8:inst1|MCx4:inst1|MC:inst5|inst  ; |RAM16x8bit|RAM4x8bit:inst10|MCx8:inst1|MCx4:inst1|MC:inst5|inst  ; out              ;
; |RAM16x8bit|RAM4x8bit:inst10|MCx8:inst1|MCx4:inst1|MC:inst5|inst0 ; |RAM16x8bit|RAM4x8bit:inst10|MCx8:inst1|MCx4:inst1|MC:inst5|inst0 ; out              ;
; |RAM16x8bit|RAM4x8bit:inst10|MCx8:inst1|MCx4:inst1|MC:inst5|inst2 ; |RAM16x8bit|RAM4x8bit:inst10|MCx8:inst1|MCx4:inst1|MC:inst5|inst2 ; out0             ;
; |RAM16x8bit|RAM4x8bit:inst10|MCx8:inst1|MCx4:inst1|MC:inst4|inst2 ; |RAM16x8bit|RAM4x8bit:inst10|MCx8:inst1|MCx4:inst1|MC:inst4|inst2 ; out0             ;
; |RAM16x8bit|RAM4x8bit:inst10|MCx8:inst1|MCx4:inst1|MC:inst|inst   ; |RAM16x8bit|RAM4x8bit:inst10|MCx8:inst1|MCx4:inst1|MC:inst|inst   ; out              ;
; |RAM16x8bit|RAM4x8bit:inst10|MCx8:inst1|MCx4:inst1|MC:inst|inst0  ; |RAM16x8bit|RAM4x8bit:inst10|MCx8:inst1|MCx4:inst1|MC:inst|inst0  ; out              ;
; |RAM16x8bit|RAM4x8bit:inst10|MCx8:inst1|MCx4:inst1|MC:inst|inst2  ; |RAM16x8bit|RAM4x8bit:inst10|MCx8:inst1|MCx4:inst1|MC:inst|inst2  ; out0             ;
; |RAM16x8bit|RAM4x8bit:inst10|MCx8:inst2|MCx4:inst|MC:inst6|inst2  ; |RAM16x8bit|RAM4x8bit:inst10|MCx8:inst2|MCx4:inst|MC:inst6|inst2  ; out0             ;
; |RAM16x8bit|RAM4x8bit:inst10|MCx8:inst2|MCx4:inst|MC:inst5|inst   ; |RAM16x8bit|RAM4x8bit:inst10|MCx8:inst2|MCx4:inst|MC:inst5|inst   ; out              ;
; |RAM16x8bit|RAM4x8bit:inst10|MCx8:inst2|MCx4:inst|MC:inst5|inst0  ; |RAM16x8bit|RAM4x8bit:inst10|MCx8:inst2|MCx4:inst|MC:inst5|inst0  ; out              ;
; |RAM16x8bit|RAM4x8bit:inst10|MCx8:inst2|MCx4:inst|MC:inst5|inst2  ; |RAM16x8bit|RAM4x8bit:inst10|MCx8:inst2|MCx4:inst|MC:inst5|inst2  ; out0             ;
; |RAM16x8bit|RAM4x8bit:inst10|MCx8:inst2|MCx4:inst|MC:inst4|inst2  ; |RAM16x8bit|RAM4x8bit:inst10|MCx8:inst2|MCx4:inst|MC:inst4|inst2  ; out0             ;
; |RAM16x8bit|RAM4x8bit:inst10|MCx8:inst2|MCx4:inst|MC:inst|inst2   ; |RAM16x8bit|RAM4x8bit:inst10|MCx8:inst2|MCx4:inst|MC:inst|inst2   ; out0             ;
; |RAM16x8bit|RAM4x8bit:inst10|MCx8:inst2|MCx4:inst1|MC:inst6|inst  ; |RAM16x8bit|RAM4x8bit:inst10|MCx8:inst2|MCx4:inst1|MC:inst6|inst  ; out              ;
; |RAM16x8bit|RAM4x8bit:inst10|MCx8:inst2|MCx4:inst1|MC:inst6|inst0 ; |RAM16x8bit|RAM4x8bit:inst10|MCx8:inst2|MCx4:inst1|MC:inst6|inst0 ; out              ;
; |RAM16x8bit|RAM4x8bit:inst10|MCx8:inst2|MCx4:inst1|MC:inst6|inst2 ; |RAM16x8bit|RAM4x8bit:inst10|MCx8:inst2|MCx4:inst1|MC:inst6|inst2 ; out0             ;
; |RAM16x8bit|RAM4x8bit:inst10|MCx8:inst2|MCx4:inst1|MC:inst5|inst2 ; |RAM16x8bit|RAM4x8bit:inst10|MCx8:inst2|MCx4:inst1|MC:inst5|inst2 ; out0             ;
; |RAM16x8bit|RAM4x8bit:inst10|MCx8:inst2|MCx4:inst1|MC:inst4|inst2 ; |RAM16x8bit|RAM4x8bit:inst10|MCx8:inst2|MCx4:inst1|MC:inst4|inst2 ; out0             ;
; |RAM16x8bit|RAM4x8bit:inst10|MCx8:inst2|MCx4:inst1|MC:inst|inst   ; |RAM16x8bit|RAM4x8bit:inst10|MCx8:inst2|MCx4:inst1|MC:inst|inst   ; out              ;
; |RAM16x8bit|RAM4x8bit:inst10|MCx8:inst2|MCx4:inst1|MC:inst|inst0  ; |RAM16x8bit|RAM4x8bit:inst10|MCx8:inst2|MCx4:inst1|MC:inst|inst0  ; out              ;
; |RAM16x8bit|RAM4x8bit:inst10|MCx8:inst2|MCx4:inst1|MC:inst|inst2  ; |RAM16x8bit|RAM4x8bit:inst10|MCx8:inst2|MCx4:inst1|MC:inst|inst2  ; out0             ;
; |RAM16x8bit|RAM4x8bit:inst10|DECODE2_4:inst4|inst                 ; |RAM16x8bit|RAM4x8bit:inst10|DECODE2_4:inst4|inst                 ; out0             ;
; |RAM16x8bit|RAM4x8bit:inst10|DECODE2_4:inst4|inst3                ; |RAM16x8bit|RAM4x8bit:inst10|DECODE2_4:inst4|inst3                ; out0             ;
; |RAM16x8bit|RAM4x8bit:inst10|DECODE2_4:inst4|inst4                ; |RAM16x8bit|RAM4x8bit:inst10|DECODE2_4:inst4|inst4                ; out0             ;
; |RAM16x8bit|RAM4x8bit:inst10|DECODE2_4:inst4|inst5                ; |RAM16x8bit|RAM4x8bit:inst10|DECODE2_4:inst4|inst5                ; out0             ;
; |RAM16x8bit|RAM4x8bit:inst10|MCx8:inst3|MCx4:inst|MC:inst6|inst2  ; |RAM16x8bit|RAM4x8bit:inst10|MCx8:inst3|MCx4:inst|MC:inst6|inst2  ; out0             ;
; |RAM16x8bit|RAM4x8bit:inst10|MCx8:inst3|MCx4:inst|MC:inst5|inst   ; |RAM16x8bit|RAM4x8bit:inst10|MCx8:inst3|MCx4:inst|MC:inst5|inst   ; out              ;
; |RAM16x8bit|RAM4x8bit:inst10|MCx8:inst3|MCx4:inst|MC:inst5|inst0  ; |RAM16x8bit|RAM4x8bit:inst10|MCx8:inst3|MCx4:inst|MC:inst5|inst0  ; out              ;
; |RAM16x8bit|RAM4x8bit:inst10|MCx8:inst3|MCx4:inst|MC:inst5|inst2  ; |RAM16x8bit|RAM4x8bit:inst10|MCx8:inst3|MCx4:inst|MC:inst5|inst2  ; out0             ;
; |RAM16x8bit|RAM4x8bit:inst10|MCx8:inst3|MCx4:inst|MC:inst4|inst2  ; |RAM16x8bit|RAM4x8bit:inst10|MCx8:inst3|MCx4:inst|MC:inst4|inst2  ; out0             ;
; |RAM16x8bit|RAM4x8bit:inst10|MCx8:inst3|MCx4:inst|MC:inst|inst2   ; |RAM16x8bit|RAM4x8bit:inst10|MCx8:inst3|MCx4:inst|MC:inst|inst2   ; out0             ;
; |RAM16x8bit|RAM4x8bit:inst10|MCx8:inst3|MCx4:inst1|MC:inst6|inst  ; |RAM16x8bit|RAM4x8bit:inst10|MCx8:inst3|MCx4:inst1|MC:inst6|inst  ; out              ;
; |RAM16x8bit|RAM4x8bit:inst10|MCx8:inst3|MCx4:inst1|MC:inst6|inst0 ; |RAM16x8bit|RAM4x8bit:inst10|MCx8:inst3|MCx4:inst1|MC:inst6|inst0 ; out              ;
; |RAM16x8bit|RAM4x8bit:inst10|MCx8:inst3|MCx4:inst1|MC:inst6|inst2 ; |RAM16x8bit|RAM4x8bit:inst10|MCx8:inst3|MCx4:inst1|MC:inst6|inst2 ; out0             ;
; |RAM16x8bit|RAM4x8bit:inst10|MCx8:inst3|MCx4:inst1|MC:inst5|inst  ; |RAM16x8bit|RAM4x8bit:inst10|MCx8:inst3|MCx4:inst1|MC:inst5|inst  ; out              ;
; |RAM16x8bit|RAM4x8bit:inst10|MCx8:inst3|MCx4:inst1|MC:inst5|inst0 ; |RAM16x8bit|RAM4x8bit:inst10|MCx8:inst3|MCx4:inst1|MC:inst5|inst0 ; out              ;
; |RAM16x8bit|RAM4x8bit:inst10|MCx8:inst3|MCx4:inst1|MC:inst5|inst2 ; |RAM16x8bit|RAM4x8bit:inst10|MCx8:inst3|MCx4:inst1|MC:inst5|inst2 ; out0             ;
; |RAM16x8bit|RAM4x8bit:inst10|MCx8:inst3|MCx4:inst1|MC:inst4|inst  ; |RAM16x8bit|RAM4x8bit:inst10|MCx8:inst3|MCx4:inst1|MC:inst4|inst  ; out              ;
; |RAM16x8bit|RAM4x8bit:inst10|MCx8:inst3|MCx4:inst1|MC:inst4|inst0 ; |RAM16x8bit|RAM4x8bit:inst10|MCx8:inst3|MCx4:inst1|MC:inst4|inst0 ; out              ;
; |RAM16x8bit|RAM4x8bit:inst10|MCx8:inst3|MCx4:inst1|MC:inst4|inst2 ; |RAM16x8bit|RAM4x8bit:inst10|MCx8:inst3|MCx4:inst1|MC:inst4|inst2 ; out0             ;
; |RAM16x8bit|RAM4x8bit:inst10|MCx8:inst3|MCx4:inst1|MC:inst|inst   ; |RAM16x8bit|RAM4x8bit:inst10|MCx8:inst3|MCx4:inst1|MC:inst|inst   ; out              ;
; |RAM16x8bit|RAM4x8bit:inst10|MCx8:inst3|MCx4:inst1|MC:inst|inst0  ; |RAM16x8bit|RAM4x8bit:inst10|MCx8:inst3|MCx4:inst1|MC:inst|inst0  ; out              ;
; |RAM16x8bit|RAM4x8bit:inst10|MCx8:inst3|MCx4:inst1|MC:inst|inst2  ; |RAM16x8bit|RAM4x8bit:inst10|MCx8:inst3|MCx4:inst1|MC:inst|inst2  ; out0             ;
; |RAM16x8bit|RAM4x8bit:inst9|OUT[5]                                ; |RAM16x8bit|RAM4x8bit:inst9|OUT[5]                                ; out0             ;
; |RAM16x8bit|RAM4x8bit:inst9|OUT[3]                                ; |RAM16x8bit|RAM4x8bit:inst9|OUT[3]                                ; out0             ;
; |RAM16x8bit|RAM4x8bit:inst9|OUT[2]                                ; |RAM16x8bit|RAM4x8bit:inst9|OUT[2]                                ; out0             ;
; |RAM16x8bit|RAM4x8bit:inst9|OUT[1]                                ; |RAM16x8bit|RAM4x8bit:inst9|OUT[1]                                ; out0             ;
; |RAM16x8bit|RAM4x8bit:inst9|OUT[0]                                ; |RAM16x8bit|RAM4x8bit:inst9|OUT[0]                                ; out0             ;
; |RAM16x8bit|RAM4x8bit:inst9|inst34                                ; |RAM16x8bit|RAM4x8bit:inst9|inst34                                ; out0             ;
; |RAM16x8bit|RAM4x8bit:inst9|inst5                                 ; |RAM16x8bit|RAM4x8bit:inst9|inst5                                 ; out0             ;
; |RAM16x8bit|RAM4x8bit:inst9|inst35                                ; |RAM16x8bit|RAM4x8bit:inst9|inst35                                ; out0             ;
; |RAM16x8bit|RAM4x8bit:inst9|inst37                                ; |RAM16x8bit|RAM4x8bit:inst9|inst37                                ; out0             ;
; |RAM16x8bit|RAM4x8bit:inst9|MCx8:inst|MCx4:inst|MC:inst6|inst2    ; |RAM16x8bit|RAM4x8bit:inst9|MCx8:inst|MCx4:inst|MC:inst6|inst2    ; out0             ;
; |RAM16x8bit|RAM4x8bit:inst9|MCx8:inst|MCx4:inst|MC:inst5|inst     ; |RAM16x8bit|RAM4x8bit:inst9|MCx8:inst|MCx4:inst|MC:inst5|inst     ; out              ;
; |RAM16x8bit|RAM4x8bit:inst9|MCx8:inst|MCx4:inst|MC:inst5|inst0    ; |RAM16x8bit|RAM4x8bit:inst9|MCx8:inst|MCx4:inst|MC:inst5|inst0    ; out              ;
; |RAM16x8bit|RAM4x8bit:inst9|MCx8:inst|MCx4:inst|MC:inst5|inst2    ; |RAM16x8bit|RAM4x8bit:inst9|MCx8:inst|MCx4:inst|MC:inst5|inst2    ; out0             ;
; |RAM16x8bit|RAM4x8bit:inst9|MCx8:inst|MCx4:inst|MC:inst4|inst2    ; |RAM16x8bit|RAM4x8bit:inst9|MCx8:inst|MCx4:inst|MC:inst4|inst2    ; out0             ;
; |RAM16x8bit|RAM4x8bit:inst9|MCx8:inst|MCx4:inst|MC:inst|inst2     ; |RAM16x8bit|RAM4x8bit:inst9|MCx8:inst|MCx4:inst|MC:inst|inst2     ; out0             ;
; |RAM16x8bit|RAM4x8bit:inst9|MCx8:inst|MCx4:inst1|MC:inst6|inst    ; |RAM16x8bit|RAM4x8bit:inst9|MCx8:inst|MCx4:inst1|MC:inst6|inst    ; out              ;
; |RAM16x8bit|RAM4x8bit:inst9|MCx8:inst|MCx4:inst1|MC:inst6|inst0   ; |RAM16x8bit|RAM4x8bit:inst9|MCx8:inst|MCx4:inst1|MC:inst6|inst0   ; out              ;
; |RAM16x8bit|RAM4x8bit:inst9|MCx8:inst|MCx4:inst1|MC:inst6|inst2   ; |RAM16x8bit|RAM4x8bit:inst9|MCx8:inst|MCx4:inst1|MC:inst6|inst2   ; out0             ;
; |RAM16x8bit|RAM4x8bit:inst9|MCx8:inst|MCx4:inst1|MC:inst5|inst    ; |RAM16x8bit|RAM4x8bit:inst9|MCx8:inst|MCx4:inst1|MC:inst5|inst    ; out              ;
; |RAM16x8bit|RAM4x8bit:inst9|MCx8:inst|MCx4:inst1|MC:inst5|inst0   ; |RAM16x8bit|RAM4x8bit:inst9|MCx8:inst|MCx4:inst1|MC:inst5|inst0   ; out              ;
; |RAM16x8bit|RAM4x8bit:inst9|MCx8:inst|MCx4:inst1|MC:inst5|inst2   ; |RAM16x8bit|RAM4x8bit:inst9|MCx8:inst|MCx4:inst1|MC:inst5|inst2   ; out0             ;
; |RAM16x8bit|RAM4x8bit:inst9|MCx8:inst|MCx4:inst1|MC:inst4|inst2   ; |RAM16x8bit|RAM4x8bit:inst9|MCx8:inst|MCx4:inst1|MC:inst4|inst2   ; out0             ;
; |RAM16x8bit|RAM4x8bit:inst9|MCx8:inst|MCx4:inst1|MC:inst|inst     ; |RAM16x8bit|RAM4x8bit:inst9|MCx8:inst|MCx4:inst1|MC:inst|inst     ; out              ;
; |RAM16x8bit|RAM4x8bit:inst9|MCx8:inst|MCx4:inst1|MC:inst|inst0    ; |RAM16x8bit|RAM4x8bit:inst9|MCx8:inst|MCx4:inst1|MC:inst|inst0    ; out              ;
; |RAM16x8bit|RAM4x8bit:inst9|MCx8:inst|MCx4:inst1|MC:inst|inst2    ; |RAM16x8bit|RAM4x8bit:inst9|MCx8:inst|MCx4:inst1|MC:inst|inst2    ; out0             ;
; |RAM16x8bit|RAM4x8bit:inst9|MCx8:inst1|MCx4:inst|MC:inst6|inst2   ; |RAM16x8bit|RAM4x8bit:inst9|MCx8:inst1|MCx4:inst|MC:inst6|inst2   ; out0             ;
; |RAM16x8bit|RAM4x8bit:inst9|MCx8:inst1|MCx4:inst|MC:inst5|inst2   ; |RAM16x8bit|RAM4x8bit:inst9|MCx8:inst1|MCx4:inst|MC:inst5|inst2   ; out0             ;
; |RAM16x8bit|RAM4x8bit:inst9|MCx8:inst1|MCx4:inst|MC:inst4|inst2   ; |RAM16x8bit|RAM4x8bit:inst9|MCx8:inst1|MCx4:inst|MC:inst4|inst2   ; out0             ;
; |RAM16x8bit|RAM4x8bit:inst9|MCx8:inst1|MCx4:inst|MC:inst|inst2    ; |RAM16x8bit|RAM4x8bit:inst9|MCx8:inst1|MCx4:inst|MC:inst|inst2    ; out0             ;
; |RAM16x8bit|RAM4x8bit:inst9|MCx8:inst1|MCx4:inst1|MC:inst6|inst   ; |RAM16x8bit|RAM4x8bit:inst9|MCx8:inst1|MCx4:inst1|MC:inst6|inst   ; out              ;
; |RAM16x8bit|RAM4x8bit:inst9|MCx8:inst1|MCx4:inst1|MC:inst6|inst0  ; |RAM16x8bit|RAM4x8bit:inst9|MCx8:inst1|MCx4:inst1|MC:inst6|inst0  ; out              ;
; |RAM16x8bit|RAM4x8bit:inst9|MCx8:inst1|MCx4:inst1|MC:inst6|inst2  ; |RAM16x8bit|RAM4x8bit:inst9|MCx8:inst1|MCx4:inst1|MC:inst6|inst2  ; out0             ;
; |RAM16x8bit|RAM4x8bit:inst9|MCx8:inst1|MCx4:inst1|MC:inst5|inst2  ; |RAM16x8bit|RAM4x8bit:inst9|MCx8:inst1|MCx4:inst1|MC:inst5|inst2  ; out0             ;
; |RAM16x8bit|RAM4x8bit:inst9|MCx8:inst1|MCx4:inst1|MC:inst4|inst2  ; |RAM16x8bit|RAM4x8bit:inst9|MCx8:inst1|MCx4:inst1|MC:inst4|inst2  ; out0             ;
; |RAM16x8bit|RAM4x8bit:inst9|MCx8:inst1|MCx4:inst1|MC:inst|inst2   ; |RAM16x8bit|RAM4x8bit:inst9|MCx8:inst1|MCx4:inst1|MC:inst|inst2   ; out0             ;
; |RAM16x8bit|RAM4x8bit:inst9|MCx8:inst2|MCx4:inst|MC:inst6|inst2   ; |RAM16x8bit|RAM4x8bit:inst9|MCx8:inst2|MCx4:inst|MC:inst6|inst2   ; out0             ;
; |RAM16x8bit|RAM4x8bit:inst9|MCx8:inst2|MCx4:inst|MC:inst5|inst2   ; |RAM16x8bit|RAM4x8bit:inst9|MCx8:inst2|MCx4:inst|MC:inst5|inst2   ; out0             ;
; |RAM16x8bit|RAM4x8bit:inst9|MCx8:inst2|MCx4:inst|MC:inst4|inst2   ; |RAM16x8bit|RAM4x8bit:inst9|MCx8:inst2|MCx4:inst|MC:inst4|inst2   ; out0             ;
; |RAM16x8bit|RAM4x8bit:inst9|MCx8:inst2|MCx4:inst|MC:inst|inst2    ; |RAM16x8bit|RAM4x8bit:inst9|MCx8:inst2|MCx4:inst|MC:inst|inst2    ; out0             ;
; |RAM16x8bit|RAM4x8bit:inst9|MCx8:inst2|MCx4:inst1|MC:inst6|inst   ; |RAM16x8bit|RAM4x8bit:inst9|MCx8:inst2|MCx4:inst1|MC:inst6|inst   ; out              ;
; |RAM16x8bit|RAM4x8bit:inst9|MCx8:inst2|MCx4:inst1|MC:inst6|inst0  ; |RAM16x8bit|RAM4x8bit:inst9|MCx8:inst2|MCx4:inst1|MC:inst6|inst0  ; out              ;
; |RAM16x8bit|RAM4x8bit:inst9|MCx8:inst2|MCx4:inst1|MC:inst6|inst2  ; |RAM16x8bit|RAM4x8bit:inst9|MCx8:inst2|MCx4:inst1|MC:inst6|inst2  ; out0             ;
; |RAM16x8bit|RAM4x8bit:inst9|MCx8:inst2|MCx4:inst1|MC:inst5|inst   ; |RAM16x8bit|RAM4x8bit:inst9|MCx8:inst2|MCx4:inst1|MC:inst5|inst   ; out              ;
; |RAM16x8bit|RAM4x8bit:inst9|MCx8:inst2|MCx4:inst1|MC:inst5|inst0  ; |RAM16x8bit|RAM4x8bit:inst9|MCx8:inst2|MCx4:inst1|MC:inst5|inst0  ; out              ;
; |RAM16x8bit|RAM4x8bit:inst9|MCx8:inst2|MCx4:inst1|MC:inst5|inst2  ; |RAM16x8bit|RAM4x8bit:inst9|MCx8:inst2|MCx4:inst1|MC:inst5|inst2  ; out0             ;
; |RAM16x8bit|RAM4x8bit:inst9|MCx8:inst2|MCx4:inst1|MC:inst4|inst   ; |RAM16x8bit|RAM4x8bit:inst9|MCx8:inst2|MCx4:inst1|MC:inst4|inst   ; out              ;
; |RAM16x8bit|RAM4x8bit:inst9|MCx8:inst2|MCx4:inst1|MC:inst4|inst0  ; |RAM16x8bit|RAM4x8bit:inst9|MCx8:inst2|MCx4:inst1|MC:inst4|inst0  ; out              ;
; |RAM16x8bit|RAM4x8bit:inst9|MCx8:inst2|MCx4:inst1|MC:inst4|inst2  ; |RAM16x8bit|RAM4x8bit:inst9|MCx8:inst2|MCx4:inst1|MC:inst4|inst2  ; out0             ;
; |RAM16x8bit|RAM4x8bit:inst9|MCx8:inst2|MCx4:inst1|MC:inst|inst    ; |RAM16x8bit|RAM4x8bit:inst9|MCx8:inst2|MCx4:inst1|MC:inst|inst    ; out              ;
; |RAM16x8bit|RAM4x8bit:inst9|MCx8:inst2|MCx4:inst1|MC:inst|inst0   ; |RAM16x8bit|RAM4x8bit:inst9|MCx8:inst2|MCx4:inst1|MC:inst|inst0   ; out              ;
; |RAM16x8bit|RAM4x8bit:inst9|MCx8:inst2|MCx4:inst1|MC:inst|inst2   ; |RAM16x8bit|RAM4x8bit:inst9|MCx8:inst2|MCx4:inst1|MC:inst|inst2   ; out0             ;
; |RAM16x8bit|RAM4x8bit:inst9|DECODE2_4:inst4|inst                  ; |RAM16x8bit|RAM4x8bit:inst9|DECODE2_4:inst4|inst                  ; out0             ;
; |RAM16x8bit|RAM4x8bit:inst9|DECODE2_4:inst4|inst3                 ; |RAM16x8bit|RAM4x8bit:inst9|DECODE2_4:inst4|inst3                 ; out0             ;
; |RAM16x8bit|RAM4x8bit:inst9|DECODE2_4:inst4|inst4                 ; |RAM16x8bit|RAM4x8bit:inst9|DECODE2_4:inst4|inst4                 ; out0             ;
; |RAM16x8bit|RAM4x8bit:inst9|DECODE2_4:inst4|inst5                 ; |RAM16x8bit|RAM4x8bit:inst9|DECODE2_4:inst4|inst5                 ; out0             ;
; |RAM16x8bit|RAM4x8bit:inst9|MCx8:inst3|MCx4:inst|MC:inst6|inst2   ; |RAM16x8bit|RAM4x8bit:inst9|MCx8:inst3|MCx4:inst|MC:inst6|inst2   ; out0             ;
; |RAM16x8bit|RAM4x8bit:inst9|MCx8:inst3|MCx4:inst|MC:inst5|inst2   ; |RAM16x8bit|RAM4x8bit:inst9|MCx8:inst3|MCx4:inst|MC:inst5|inst2   ; out0             ;
; |RAM16x8bit|RAM4x8bit:inst9|MCx8:inst3|MCx4:inst|MC:inst4|inst2   ; |RAM16x8bit|RAM4x8bit:inst9|MCx8:inst3|MCx4:inst|MC:inst4|inst2   ; out0             ;
; |RAM16x8bit|RAM4x8bit:inst9|MCx8:inst3|MCx4:inst|MC:inst|inst2    ; |RAM16x8bit|RAM4x8bit:inst9|MCx8:inst3|MCx4:inst|MC:inst|inst2    ; out0             ;
; |RAM16x8bit|RAM4x8bit:inst9|MCx8:inst3|MCx4:inst1|MC:inst6|inst   ; |RAM16x8bit|RAM4x8bit:inst9|MCx8:inst3|MCx4:inst1|MC:inst6|inst   ; out              ;
; |RAM16x8bit|RAM4x8bit:inst9|MCx8:inst3|MCx4:inst1|MC:inst6|inst0  ; |RAM16x8bit|RAM4x8bit:inst9|MCx8:inst3|MCx4:inst1|MC:inst6|inst0  ; out              ;
; |RAM16x8bit|RAM4x8bit:inst9|MCx8:inst3|MCx4:inst1|MC:inst6|inst2  ; |RAM16x8bit|RAM4x8bit:inst9|MCx8:inst3|MCx4:inst1|MC:inst6|inst2  ; out0             ;
; |RAM16x8bit|RAM4x8bit:inst9|MCx8:inst3|MCx4:inst1|MC:inst5|inst   ; |RAM16x8bit|RAM4x8bit:inst9|MCx8:inst3|MCx4:inst1|MC:inst5|inst   ; out              ;
; |RAM16x8bit|RAM4x8bit:inst9|MCx8:inst3|MCx4:inst1|MC:inst5|inst0  ; |RAM16x8bit|RAM4x8bit:inst9|MCx8:inst3|MCx4:inst1|MC:inst5|inst0  ; out              ;
; |RAM16x8bit|RAM4x8bit:inst9|MCx8:inst3|MCx4:inst1|MC:inst5|inst2  ; |RAM16x8bit|RAM4x8bit:inst9|MCx8:inst3|MCx4:inst1|MC:inst5|inst2  ; out0             ;
; |RAM16x8bit|RAM4x8bit:inst9|MCx8:inst3|MCx4:inst1|MC:inst4|inst2  ; |RAM16x8bit|RAM4x8bit:inst9|MCx8:inst3|MCx4:inst1|MC:inst4|inst2  ; out0             ;
; |RAM16x8bit|RAM4x8bit:inst9|MCx8:inst3|MCx4:inst1|MC:inst|inst2   ; |RAM16x8bit|RAM4x8bit:inst9|MCx8:inst3|MCx4:inst1|MC:inst|inst2   ; out0             ;
; |RAM16x8bit|RAM4x8bit:inst7|OUT[2]                                ; |RAM16x8bit|RAM4x8bit:inst7|OUT[2]                                ; out0             ;
; |RAM16x8bit|RAM4x8bit:inst7|OUT[1]                                ; |RAM16x8bit|RAM4x8bit:inst7|OUT[1]                                ; out0             ;
; |RAM16x8bit|RAM4x8bit:inst7|OUT[0]                                ; |RAM16x8bit|RAM4x8bit:inst7|OUT[0]                                ; out0             ;
; |RAM16x8bit|RAM4x8bit:inst7|inst34                                ; |RAM16x8bit|RAM4x8bit:inst7|inst34                                ; out0             ;
; |RAM16x8bit|RAM4x8bit:inst7|inst5                                 ; |RAM16x8bit|RAM4x8bit:inst7|inst5                                 ; out0             ;
; |RAM16x8bit|RAM4x8bit:inst7|inst35                                ; |RAM16x8bit|RAM4x8bit:inst7|inst35                                ; out0             ;
; |RAM16x8bit|RAM4x8bit:inst7|inst37                                ; |RAM16x8bit|RAM4x8bit:inst7|inst37                                ; out0             ;
; |RAM16x8bit|RAM4x8bit:inst7|MCx8:inst|MCx4:inst|MC:inst6|inst2    ; |RAM16x8bit|RAM4x8bit:inst7|MCx8:inst|MCx4:inst|MC:inst6|inst2    ; out0             ;
; |RAM16x8bit|RAM4x8bit:inst7|MCx8:inst|MCx4:inst|MC:inst5|inst2    ; |RAM16x8bit|RAM4x8bit:inst7|MCx8:inst|MCx4:inst|MC:inst5|inst2    ; out0             ;
; |RAM16x8bit|RAM4x8bit:inst7|MCx8:inst|MCx4:inst|MC:inst4|inst2    ; |RAM16x8bit|RAM4x8bit:inst7|MCx8:inst|MCx4:inst|MC:inst4|inst2    ; out0             ;
; |RAM16x8bit|RAM4x8bit:inst7|MCx8:inst|MCx4:inst|MC:inst|inst2     ; |RAM16x8bit|RAM4x8bit:inst7|MCx8:inst|MCx4:inst|MC:inst|inst2     ; out0             ;
; |RAM16x8bit|RAM4x8bit:inst7|MCx8:inst|MCx4:inst1|MC:inst6|inst    ; |RAM16x8bit|RAM4x8bit:inst7|MCx8:inst|MCx4:inst1|MC:inst6|inst    ; out              ;
; |RAM16x8bit|RAM4x8bit:inst7|MCx8:inst|MCx4:inst1|MC:inst6|inst0   ; |RAM16x8bit|RAM4x8bit:inst7|MCx8:inst|MCx4:inst1|MC:inst6|inst0   ; out              ;
; |RAM16x8bit|RAM4x8bit:inst7|MCx8:inst|MCx4:inst1|MC:inst6|inst2   ; |RAM16x8bit|RAM4x8bit:inst7|MCx8:inst|MCx4:inst1|MC:inst6|inst2   ; out0             ;
; |RAM16x8bit|RAM4x8bit:inst7|MCx8:inst|MCx4:inst1|MC:inst5|inst2   ; |RAM16x8bit|RAM4x8bit:inst7|MCx8:inst|MCx4:inst1|MC:inst5|inst2   ; out0             ;
; |RAM16x8bit|RAM4x8bit:inst7|MCx8:inst|MCx4:inst1|MC:inst4|inst2   ; |RAM16x8bit|RAM4x8bit:inst7|MCx8:inst|MCx4:inst1|MC:inst4|inst2   ; out0             ;
; |RAM16x8bit|RAM4x8bit:inst7|MCx8:inst|MCx4:inst1|MC:inst|inst2    ; |RAM16x8bit|RAM4x8bit:inst7|MCx8:inst|MCx4:inst1|MC:inst|inst2    ; out0             ;
; |RAM16x8bit|RAM4x8bit:inst7|MCx8:inst1|MCx4:inst|MC:inst6|inst2   ; |RAM16x8bit|RAM4x8bit:inst7|MCx8:inst1|MCx4:inst|MC:inst6|inst2   ; out0             ;
; |RAM16x8bit|RAM4x8bit:inst7|MCx8:inst1|MCx4:inst|MC:inst5|inst2   ; |RAM16x8bit|RAM4x8bit:inst7|MCx8:inst1|MCx4:inst|MC:inst5|inst2   ; out0             ;
; |RAM16x8bit|RAM4x8bit:inst7|MCx8:inst1|MCx4:inst|MC:inst4|inst2   ; |RAM16x8bit|RAM4x8bit:inst7|MCx8:inst1|MCx4:inst|MC:inst4|inst2   ; out0             ;
; |RAM16x8bit|RAM4x8bit:inst7|MCx8:inst1|MCx4:inst|MC:inst|inst2    ; |RAM16x8bit|RAM4x8bit:inst7|MCx8:inst1|MCx4:inst|MC:inst|inst2    ; out0             ;
; |RAM16x8bit|RAM4x8bit:inst7|MCx8:inst1|MCx4:inst1|MC:inst6|inst   ; |RAM16x8bit|RAM4x8bit:inst7|MCx8:inst1|MCx4:inst1|MC:inst6|inst   ; out              ;
; |RAM16x8bit|RAM4x8bit:inst7|MCx8:inst1|MCx4:inst1|MC:inst6|inst0  ; |RAM16x8bit|RAM4x8bit:inst7|MCx8:inst1|MCx4:inst1|MC:inst6|inst0  ; out              ;
; |RAM16x8bit|RAM4x8bit:inst7|MCx8:inst1|MCx4:inst1|MC:inst6|inst2  ; |RAM16x8bit|RAM4x8bit:inst7|MCx8:inst1|MCx4:inst1|MC:inst6|inst2  ; out0             ;
; |RAM16x8bit|RAM4x8bit:inst7|MCx8:inst1|MCx4:inst1|MC:inst5|inst   ; |RAM16x8bit|RAM4x8bit:inst7|MCx8:inst1|MCx4:inst1|MC:inst5|inst   ; out              ;
; |RAM16x8bit|RAM4x8bit:inst7|MCx8:inst1|MCx4:inst1|MC:inst5|inst0  ; |RAM16x8bit|RAM4x8bit:inst7|MCx8:inst1|MCx4:inst1|MC:inst5|inst0  ; out              ;
; |RAM16x8bit|RAM4x8bit:inst7|MCx8:inst1|MCx4:inst1|MC:inst5|inst2  ; |RAM16x8bit|RAM4x8bit:inst7|MCx8:inst1|MCx4:inst1|MC:inst5|inst2  ; out0             ;
; |RAM16x8bit|RAM4x8bit:inst7|MCx8:inst1|MCx4:inst1|MC:inst4|inst   ; |RAM16x8bit|RAM4x8bit:inst7|MCx8:inst1|MCx4:inst1|MC:inst4|inst   ; out              ;
; |RAM16x8bit|RAM4x8bit:inst7|MCx8:inst1|MCx4:inst1|MC:inst4|inst0  ; |RAM16x8bit|RAM4x8bit:inst7|MCx8:inst1|MCx4:inst1|MC:inst4|inst0  ; out              ;
; |RAM16x8bit|RAM4x8bit:inst7|MCx8:inst1|MCx4:inst1|MC:inst4|inst2  ; |RAM16x8bit|RAM4x8bit:inst7|MCx8:inst1|MCx4:inst1|MC:inst4|inst2  ; out0             ;
; |RAM16x8bit|RAM4x8bit:inst7|MCx8:inst1|MCx4:inst1|MC:inst|inst2   ; |RAM16x8bit|RAM4x8bit:inst7|MCx8:inst1|MCx4:inst1|MC:inst|inst2   ; out0             ;
; |RAM16x8bit|RAM4x8bit:inst7|MCx8:inst2|MCx4:inst|MC:inst6|inst2   ; |RAM16x8bit|RAM4x8bit:inst7|MCx8:inst2|MCx4:inst|MC:inst6|inst2   ; out0             ;
; |RAM16x8bit|RAM4x8bit:inst7|MCx8:inst2|MCx4:inst|MC:inst5|inst2   ; |RAM16x8bit|RAM4x8bit:inst7|MCx8:inst2|MCx4:inst|MC:inst5|inst2   ; out0             ;
; |RAM16x8bit|RAM4x8bit:inst7|MCx8:inst2|MCx4:inst|MC:inst4|inst2   ; |RAM16x8bit|RAM4x8bit:inst7|MCx8:inst2|MCx4:inst|MC:inst4|inst2   ; out0             ;
; |RAM16x8bit|RAM4x8bit:inst7|MCx8:inst2|MCx4:inst|MC:inst|inst2    ; |RAM16x8bit|RAM4x8bit:inst7|MCx8:inst2|MCx4:inst|MC:inst|inst2    ; out0             ;
; |RAM16x8bit|RAM4x8bit:inst7|MCx8:inst2|MCx4:inst1|MC:inst6|inst   ; |RAM16x8bit|RAM4x8bit:inst7|MCx8:inst2|MCx4:inst1|MC:inst6|inst   ; out              ;
; |RAM16x8bit|RAM4x8bit:inst7|MCx8:inst2|MCx4:inst1|MC:inst6|inst0  ; |RAM16x8bit|RAM4x8bit:inst7|MCx8:inst2|MCx4:inst1|MC:inst6|inst0  ; out              ;
; |RAM16x8bit|RAM4x8bit:inst7|MCx8:inst2|MCx4:inst1|MC:inst6|inst2  ; |RAM16x8bit|RAM4x8bit:inst7|MCx8:inst2|MCx4:inst1|MC:inst6|inst2  ; out0             ;
; |RAM16x8bit|RAM4x8bit:inst7|MCx8:inst2|MCx4:inst1|MC:inst5|inst2  ; |RAM16x8bit|RAM4x8bit:inst7|MCx8:inst2|MCx4:inst1|MC:inst5|inst2  ; out0             ;
; |RAM16x8bit|RAM4x8bit:inst7|MCx8:inst2|MCx4:inst1|MC:inst4|inst2  ; |RAM16x8bit|RAM4x8bit:inst7|MCx8:inst2|MCx4:inst1|MC:inst4|inst2  ; out0             ;
; |RAM16x8bit|RAM4x8bit:inst7|MCx8:inst2|MCx4:inst1|MC:inst|inst2   ; |RAM16x8bit|RAM4x8bit:inst7|MCx8:inst2|MCx4:inst1|MC:inst|inst2   ; out0             ;
; |RAM16x8bit|RAM4x8bit:inst7|DECODE2_4:inst4|inst                  ; |RAM16x8bit|RAM4x8bit:inst7|DECODE2_4:inst4|inst                  ; out0             ;
; |RAM16x8bit|RAM4x8bit:inst7|DECODE2_4:inst4|inst3                 ; |RAM16x8bit|RAM4x8bit:inst7|DECODE2_4:inst4|inst3                 ; out0             ;
; |RAM16x8bit|RAM4x8bit:inst7|DECODE2_4:inst4|inst4                 ; |RAM16x8bit|RAM4x8bit:inst7|DECODE2_4:inst4|inst4                 ; out0             ;
; |RAM16x8bit|RAM4x8bit:inst7|DECODE2_4:inst4|inst5                 ; |RAM16x8bit|RAM4x8bit:inst7|DECODE2_4:inst4|inst5                 ; out0             ;
; |RAM16x8bit|RAM4x8bit:inst7|MCx8:inst3|MCx4:inst|MC:inst6|inst2   ; |RAM16x8bit|RAM4x8bit:inst7|MCx8:inst3|MCx4:inst|MC:inst6|inst2   ; out0             ;
; |RAM16x8bit|RAM4x8bit:inst7|MCx8:inst3|MCx4:inst|MC:inst5|inst2   ; |RAM16x8bit|RAM4x8bit:inst7|MCx8:inst3|MCx4:inst|MC:inst5|inst2   ; out0             ;
; |RAM16x8bit|RAM4x8bit:inst7|MCx8:inst3|MCx4:inst|MC:inst4|inst2   ; |RAM16x8bit|RAM4x8bit:inst7|MCx8:inst3|MCx4:inst|MC:inst4|inst2   ; out0             ;
; |RAM16x8bit|RAM4x8bit:inst7|MCx8:inst3|MCx4:inst|MC:inst|inst2    ; |RAM16x8bit|RAM4x8bit:inst7|MCx8:inst3|MCx4:inst|MC:inst|inst2    ; out0             ;
; |RAM16x8bit|RAM4x8bit:inst7|MCx8:inst3|MCx4:inst1|MC:inst6|inst   ; |RAM16x8bit|RAM4x8bit:inst7|MCx8:inst3|MCx4:inst1|MC:inst6|inst   ; out              ;
; |RAM16x8bit|RAM4x8bit:inst7|MCx8:inst3|MCx4:inst1|MC:inst6|inst0  ; |RAM16x8bit|RAM4x8bit:inst7|MCx8:inst3|MCx4:inst1|MC:inst6|inst0  ; out              ;
; |RAM16x8bit|RAM4x8bit:inst7|MCx8:inst3|MCx4:inst1|MC:inst6|inst2  ; |RAM16x8bit|RAM4x8bit:inst7|MCx8:inst3|MCx4:inst1|MC:inst6|inst2  ; out0             ;
; |RAM16x8bit|RAM4x8bit:inst7|MCx8:inst3|MCx4:inst1|MC:inst5|inst   ; |RAM16x8bit|RAM4x8bit:inst7|MCx8:inst3|MCx4:inst1|MC:inst5|inst   ; out              ;
; |RAM16x8bit|RAM4x8bit:inst7|MCx8:inst3|MCx4:inst1|MC:inst5|inst0  ; |RAM16x8bit|RAM4x8bit:inst7|MCx8:inst3|MCx4:inst1|MC:inst5|inst0  ; out              ;
; |RAM16x8bit|RAM4x8bit:inst7|MCx8:inst3|MCx4:inst1|MC:inst5|inst2  ; |RAM16x8bit|RAM4x8bit:inst7|MCx8:inst3|MCx4:inst1|MC:inst5|inst2  ; out0             ;
; |RAM16x8bit|RAM4x8bit:inst7|MCx8:inst3|MCx4:inst1|MC:inst4|inst2  ; |RAM16x8bit|RAM4x8bit:inst7|MCx8:inst3|MCx4:inst1|MC:inst4|inst2  ; out0             ;
; |RAM16x8bit|RAM4x8bit:inst7|MCx8:inst3|MCx4:inst1|MC:inst|inst2   ; |RAM16x8bit|RAM4x8bit:inst7|MCx8:inst3|MCx4:inst1|MC:inst|inst2   ; out0             ;
; |RAM16x8bit|DECODE2_4:inst4|inst                                  ; |RAM16x8bit|DECODE2_4:inst4|inst                                  ; out0             ;
; |RAM16x8bit|DECODE2_4:inst4|inst3                                 ; |RAM16x8bit|DECODE2_4:inst4|inst3                                 ; out0             ;
; |RAM16x8bit|DECODE2_4:inst4|inst4                                 ; |RAM16x8bit|DECODE2_4:inst4|inst4                                 ; out0             ;
; |RAM16x8bit|DECODE2_4:inst4|inst5                                 ; |RAM16x8bit|DECODE2_4:inst4|inst5                                 ; out0             ;
; |RAM16x8bit|RAM4x8bit:inst|OUT[5]                                 ; |RAM16x8bit|RAM4x8bit:inst|OUT[5]                                 ; out0             ;
; |RAM16x8bit|RAM4x8bit:inst|OUT[4]                                 ; |RAM16x8bit|RAM4x8bit:inst|OUT[4]                                 ; out0             ;
; |RAM16x8bit|RAM4x8bit:inst|OUT[3]                                 ; |RAM16x8bit|RAM4x8bit:inst|OUT[3]                                 ; out0             ;
; |RAM16x8bit|RAM4x8bit:inst|OUT[2]                                 ; |RAM16x8bit|RAM4x8bit:inst|OUT[2]                                 ; out0             ;
; |RAM16x8bit|RAM4x8bit:inst|OUT[1]                                 ; |RAM16x8bit|RAM4x8bit:inst|OUT[1]                                 ; out0             ;
; |RAM16x8bit|RAM4x8bit:inst|OUT[0]                                 ; |RAM16x8bit|RAM4x8bit:inst|OUT[0]                                 ; out0             ;
; |RAM16x8bit|RAM4x8bit:inst|inst34                                 ; |RAM16x8bit|RAM4x8bit:inst|inst34                                 ; out0             ;
; |RAM16x8bit|RAM4x8bit:inst|inst5                                  ; |RAM16x8bit|RAM4x8bit:inst|inst5                                  ; out0             ;
; |RAM16x8bit|RAM4x8bit:inst|inst35                                 ; |RAM16x8bit|RAM4x8bit:inst|inst35                                 ; out0             ;
; |RAM16x8bit|RAM4x8bit:inst|inst37                                 ; |RAM16x8bit|RAM4x8bit:inst|inst37                                 ; out0             ;
; |RAM16x8bit|RAM4x8bit:inst|MCx8:inst|MCx4:inst|MC:inst6|inst      ; |RAM16x8bit|RAM4x8bit:inst|MCx8:inst|MCx4:inst|MC:inst6|inst      ; out              ;
; |RAM16x8bit|RAM4x8bit:inst|MCx8:inst|MCx4:inst|MC:inst6|inst0     ; |RAM16x8bit|RAM4x8bit:inst|MCx8:inst|MCx4:inst|MC:inst6|inst0     ; out              ;
; |RAM16x8bit|RAM4x8bit:inst|MCx8:inst|MCx4:inst|MC:inst6|inst2     ; |RAM16x8bit|RAM4x8bit:inst|MCx8:inst|MCx4:inst|MC:inst6|inst2     ; out0             ;
; |RAM16x8bit|RAM4x8bit:inst|MCx8:inst|MCx4:inst|MC:inst5|inst2     ; |RAM16x8bit|RAM4x8bit:inst|MCx8:inst|MCx4:inst|MC:inst5|inst2     ; out0             ;
; |RAM16x8bit|RAM4x8bit:inst|MCx8:inst|MCx4:inst|MC:inst4|inst2     ; |RAM16x8bit|RAM4x8bit:inst|MCx8:inst|MCx4:inst|MC:inst4|inst2     ; out0             ;
; |RAM16x8bit|RAM4x8bit:inst|MCx8:inst|MCx4:inst|MC:inst|inst2      ; |RAM16x8bit|RAM4x8bit:inst|MCx8:inst|MCx4:inst|MC:inst|inst2      ; out0             ;
; |RAM16x8bit|RAM4x8bit:inst|MCx8:inst|MCx4:inst1|MC:inst6|inst     ; |RAM16x8bit|RAM4x8bit:inst|MCx8:inst|MCx4:inst1|MC:inst6|inst     ; out              ;
; |RAM16x8bit|RAM4x8bit:inst|MCx8:inst|MCx4:inst1|MC:inst6|inst0    ; |RAM16x8bit|RAM4x8bit:inst|MCx8:inst|MCx4:inst1|MC:inst6|inst0    ; out              ;
; |RAM16x8bit|RAM4x8bit:inst|MCx8:inst|MCx4:inst1|MC:inst6|inst2    ; |RAM16x8bit|RAM4x8bit:inst|MCx8:inst|MCx4:inst1|MC:inst6|inst2    ; out0             ;
; |RAM16x8bit|RAM4x8bit:inst|MCx8:inst|MCx4:inst1|MC:inst5|inst     ; |RAM16x8bit|RAM4x8bit:inst|MCx8:inst|MCx4:inst1|MC:inst5|inst     ; out              ;
; |RAM16x8bit|RAM4x8bit:inst|MCx8:inst|MCx4:inst1|MC:inst5|inst0    ; |RAM16x8bit|RAM4x8bit:inst|MCx8:inst|MCx4:inst1|MC:inst5|inst0    ; out              ;
; |RAM16x8bit|RAM4x8bit:inst|MCx8:inst|MCx4:inst1|MC:inst5|inst2    ; |RAM16x8bit|RAM4x8bit:inst|MCx8:inst|MCx4:inst1|MC:inst5|inst2    ; out0             ;
; |RAM16x8bit|RAM4x8bit:inst|MCx8:inst|MCx4:inst1|MC:inst4|inst     ; |RAM16x8bit|RAM4x8bit:inst|MCx8:inst|MCx4:inst1|MC:inst4|inst     ; out              ;
; |RAM16x8bit|RAM4x8bit:inst|MCx8:inst|MCx4:inst1|MC:inst4|inst0    ; |RAM16x8bit|RAM4x8bit:inst|MCx8:inst|MCx4:inst1|MC:inst4|inst0    ; out              ;
; |RAM16x8bit|RAM4x8bit:inst|MCx8:inst|MCx4:inst1|MC:inst4|inst2    ; |RAM16x8bit|RAM4x8bit:inst|MCx8:inst|MCx4:inst1|MC:inst4|inst2    ; out0             ;
; |RAM16x8bit|RAM4x8bit:inst|MCx8:inst|MCx4:inst1|MC:inst|inst      ; |RAM16x8bit|RAM4x8bit:inst|MCx8:inst|MCx4:inst1|MC:inst|inst      ; out              ;
; |RAM16x8bit|RAM4x8bit:inst|MCx8:inst|MCx4:inst1|MC:inst|inst0     ; |RAM16x8bit|RAM4x8bit:inst|MCx8:inst|MCx4:inst1|MC:inst|inst0     ; out              ;
; |RAM16x8bit|RAM4x8bit:inst|MCx8:inst|MCx4:inst1|MC:inst|inst2     ; |RAM16x8bit|RAM4x8bit:inst|MCx8:inst|MCx4:inst1|MC:inst|inst2     ; out0             ;
; |RAM16x8bit|RAM4x8bit:inst|MCx8:inst1|MCx4:inst|MC:inst6|inst2    ; |RAM16x8bit|RAM4x8bit:inst|MCx8:inst1|MCx4:inst|MC:inst6|inst2    ; out0             ;
; |RAM16x8bit|RAM4x8bit:inst|MCx8:inst1|MCx4:inst|MC:inst5|inst2    ; |RAM16x8bit|RAM4x8bit:inst|MCx8:inst1|MCx4:inst|MC:inst5|inst2    ; out0             ;
; |RAM16x8bit|RAM4x8bit:inst|MCx8:inst1|MCx4:inst|MC:inst4|inst2    ; |RAM16x8bit|RAM4x8bit:inst|MCx8:inst1|MCx4:inst|MC:inst4|inst2    ; out0             ;
; |RAM16x8bit|RAM4x8bit:inst|MCx8:inst1|MCx4:inst|MC:inst|inst2     ; |RAM16x8bit|RAM4x8bit:inst|MCx8:inst1|MCx4:inst|MC:inst|inst2     ; out0             ;
; |RAM16x8bit|RAM4x8bit:inst|MCx8:inst1|MCx4:inst1|MC:inst6|inst    ; |RAM16x8bit|RAM4x8bit:inst|MCx8:inst1|MCx4:inst1|MC:inst6|inst    ; out              ;
; |RAM16x8bit|RAM4x8bit:inst|MCx8:inst1|MCx4:inst1|MC:inst6|inst0   ; |RAM16x8bit|RAM4x8bit:inst|MCx8:inst1|MCx4:inst1|MC:inst6|inst0   ; out              ;
; |RAM16x8bit|RAM4x8bit:inst|MCx8:inst1|MCx4:inst1|MC:inst6|inst2   ; |RAM16x8bit|RAM4x8bit:inst|MCx8:inst1|MCx4:inst1|MC:inst6|inst2   ; out0             ;
; |RAM16x8bit|RAM4x8bit:inst|MCx8:inst1|MCx4:inst1|MC:inst5|inst2   ; |RAM16x8bit|RAM4x8bit:inst|MCx8:inst1|MCx4:inst1|MC:inst5|inst2   ; out0             ;
; |RAM16x8bit|RAM4x8bit:inst|MCx8:inst1|MCx4:inst1|MC:inst4|inst2   ; |RAM16x8bit|RAM4x8bit:inst|MCx8:inst1|MCx4:inst1|MC:inst4|inst2   ; out0             ;
; |RAM16x8bit|RAM4x8bit:inst|MCx8:inst1|MCx4:inst1|MC:inst|inst2    ; |RAM16x8bit|RAM4x8bit:inst|MCx8:inst1|MCx4:inst1|MC:inst|inst2    ; out0             ;
; |RAM16x8bit|RAM4x8bit:inst|MCx8:inst2|MCx4:inst|MC:inst6|inst2    ; |RAM16x8bit|RAM4x8bit:inst|MCx8:inst2|MCx4:inst|MC:inst6|inst2    ; out0             ;
; |RAM16x8bit|RAM4x8bit:inst|MCx8:inst2|MCx4:inst|MC:inst5|inst2    ; |RAM16x8bit|RAM4x8bit:inst|MCx8:inst2|MCx4:inst|MC:inst5|inst2    ; out0             ;
; |RAM16x8bit|RAM4x8bit:inst|MCx8:inst2|MCx4:inst|MC:inst4|inst2    ; |RAM16x8bit|RAM4x8bit:inst|MCx8:inst2|MCx4:inst|MC:inst4|inst2    ; out0             ;
; |RAM16x8bit|RAM4x8bit:inst|MCx8:inst2|MCx4:inst|MC:inst|inst2     ; |RAM16x8bit|RAM4x8bit:inst|MCx8:inst2|MCx4:inst|MC:inst|inst2     ; out0             ;
; |RAM16x8bit|RAM4x8bit:inst|MCx8:inst2|MCx4:inst1|MC:inst6|inst    ; |RAM16x8bit|RAM4x8bit:inst|MCx8:inst2|MCx4:inst1|MC:inst6|inst    ; out              ;
; |RAM16x8bit|RAM4x8bit:inst|MCx8:inst2|MCx4:inst1|MC:inst6|inst0   ; |RAM16x8bit|RAM4x8bit:inst|MCx8:inst2|MCx4:inst1|MC:inst6|inst0   ; out              ;
; |RAM16x8bit|RAM4x8bit:inst|MCx8:inst2|MCx4:inst1|MC:inst6|inst2   ; |RAM16x8bit|RAM4x8bit:inst|MCx8:inst2|MCx4:inst1|MC:inst6|inst2   ; out0             ;
; |RAM16x8bit|RAM4x8bit:inst|MCx8:inst2|MCx4:inst1|MC:inst5|inst    ; |RAM16x8bit|RAM4x8bit:inst|MCx8:inst2|MCx4:inst1|MC:inst5|inst    ; out              ;
; |RAM16x8bit|RAM4x8bit:inst|MCx8:inst2|MCx4:inst1|MC:inst5|inst0   ; |RAM16x8bit|RAM4x8bit:inst|MCx8:inst2|MCx4:inst1|MC:inst5|inst0   ; out              ;
; |RAM16x8bit|RAM4x8bit:inst|MCx8:inst2|MCx4:inst1|MC:inst5|inst2   ; |RAM16x8bit|RAM4x8bit:inst|MCx8:inst2|MCx4:inst1|MC:inst5|inst2   ; out0             ;
; |RAM16x8bit|RAM4x8bit:inst|MCx8:inst2|MCx4:inst1|MC:inst4|inst2   ; |RAM16x8bit|RAM4x8bit:inst|MCx8:inst2|MCx4:inst1|MC:inst4|inst2   ; out0             ;
; |RAM16x8bit|RAM4x8bit:inst|MCx8:inst2|MCx4:inst1|MC:inst|inst2    ; |RAM16x8bit|RAM4x8bit:inst|MCx8:inst2|MCx4:inst1|MC:inst|inst2    ; out0             ;
; |RAM16x8bit|RAM4x8bit:inst|DECODE2_4:inst4|inst                   ; |RAM16x8bit|RAM4x8bit:inst|DECODE2_4:inst4|inst                   ; out0             ;
; |RAM16x8bit|RAM4x8bit:inst|DECODE2_4:inst4|inst3                  ; |RAM16x8bit|RAM4x8bit:inst|DECODE2_4:inst4|inst3                  ; out0             ;
; |RAM16x8bit|RAM4x8bit:inst|DECODE2_4:inst4|inst4                  ; |RAM16x8bit|RAM4x8bit:inst|DECODE2_4:inst4|inst4                  ; out0             ;
; |RAM16x8bit|RAM4x8bit:inst|DECODE2_4:inst4|inst5                  ; |RAM16x8bit|RAM4x8bit:inst|DECODE2_4:inst4|inst5                  ; out0             ;
; |RAM16x8bit|RAM4x8bit:inst|MCx8:inst3|MCx4:inst|MC:inst6|inst     ; |RAM16x8bit|RAM4x8bit:inst|MCx8:inst3|MCx4:inst|MC:inst6|inst     ; out              ;
; |RAM16x8bit|RAM4x8bit:inst|MCx8:inst3|MCx4:inst|MC:inst6|inst0    ; |RAM16x8bit|RAM4x8bit:inst|MCx8:inst3|MCx4:inst|MC:inst6|inst0    ; out              ;
; |RAM16x8bit|RAM4x8bit:inst|MCx8:inst3|MCx4:inst|MC:inst6|inst2    ; |RAM16x8bit|RAM4x8bit:inst|MCx8:inst3|MCx4:inst|MC:inst6|inst2    ; out0             ;
; |RAM16x8bit|RAM4x8bit:inst|MCx8:inst3|MCx4:inst|MC:inst5|inst     ; |RAM16x8bit|RAM4x8bit:inst|MCx8:inst3|MCx4:inst|MC:inst5|inst     ; out              ;
; |RAM16x8bit|RAM4x8bit:inst|MCx8:inst3|MCx4:inst|MC:inst5|inst0    ; |RAM16x8bit|RAM4x8bit:inst|MCx8:inst3|MCx4:inst|MC:inst5|inst0    ; out              ;
; |RAM16x8bit|RAM4x8bit:inst|MCx8:inst3|MCx4:inst|MC:inst5|inst2    ; |RAM16x8bit|RAM4x8bit:inst|MCx8:inst3|MCx4:inst|MC:inst5|inst2    ; out0             ;
; |RAM16x8bit|RAM4x8bit:inst|MCx8:inst3|MCx4:inst|MC:inst4|inst2    ; |RAM16x8bit|RAM4x8bit:inst|MCx8:inst3|MCx4:inst|MC:inst4|inst2    ; out0             ;
; |RAM16x8bit|RAM4x8bit:inst|MCx8:inst3|MCx4:inst|MC:inst|inst2     ; |RAM16x8bit|RAM4x8bit:inst|MCx8:inst3|MCx4:inst|MC:inst|inst2     ; out0             ;
; |RAM16x8bit|RAM4x8bit:inst|MCx8:inst3|MCx4:inst1|MC:inst6|inst    ; |RAM16x8bit|RAM4x8bit:inst|MCx8:inst3|MCx4:inst1|MC:inst6|inst    ; out              ;
; |RAM16x8bit|RAM4x8bit:inst|MCx8:inst3|MCx4:inst1|MC:inst6|inst0   ; |RAM16x8bit|RAM4x8bit:inst|MCx8:inst3|MCx4:inst1|MC:inst6|inst0   ; out              ;
; |RAM16x8bit|RAM4x8bit:inst|MCx8:inst3|MCx4:inst1|MC:inst6|inst2   ; |RAM16x8bit|RAM4x8bit:inst|MCx8:inst3|MCx4:inst1|MC:inst6|inst2   ; out0             ;
; |RAM16x8bit|RAM4x8bit:inst|MCx8:inst3|MCx4:inst1|MC:inst5|inst    ; |RAM16x8bit|RAM4x8bit:inst|MCx8:inst3|MCx4:inst1|MC:inst5|inst    ; out              ;
; |RAM16x8bit|RAM4x8bit:inst|MCx8:inst3|MCx4:inst1|MC:inst5|inst0   ; |RAM16x8bit|RAM4x8bit:inst|MCx8:inst3|MCx4:inst1|MC:inst5|inst0   ; out              ;
; |RAM16x8bit|RAM4x8bit:inst|MCx8:inst3|MCx4:inst1|MC:inst5|inst2   ; |RAM16x8bit|RAM4x8bit:inst|MCx8:inst3|MCx4:inst1|MC:inst5|inst2   ; out0             ;
; |RAM16x8bit|RAM4x8bit:inst|MCx8:inst3|MCx4:inst1|MC:inst4|inst    ; |RAM16x8bit|RAM4x8bit:inst|MCx8:inst3|MCx4:inst1|MC:inst4|inst    ; out              ;
; |RAM16x8bit|RAM4x8bit:inst|MCx8:inst3|MCx4:inst1|MC:inst4|inst0   ; |RAM16x8bit|RAM4x8bit:inst|MCx8:inst3|MCx4:inst1|MC:inst4|inst0   ; out              ;
; |RAM16x8bit|RAM4x8bit:inst|MCx8:inst3|MCx4:inst1|MC:inst4|inst2   ; |RAM16x8bit|RAM4x8bit:inst|MCx8:inst3|MCx4:inst1|MC:inst4|inst2   ; out0             ;
; |RAM16x8bit|RAM4x8bit:inst|MCx8:inst3|MCx4:inst1|MC:inst|inst0    ; |RAM16x8bit|RAM4x8bit:inst|MCx8:inst3|MCx4:inst1|MC:inst|inst0    ; out              ;
; |RAM16x8bit|RAM4x8bit:inst|MCx8:inst3|MCx4:inst1|MC:inst|inst2    ; |RAM16x8bit|RAM4x8bit:inst|MCx8:inst3|MCx4:inst1|MC:inst|inst2    ; out0             ;
+-------------------------------------------------------------------+-------------------------------------------------------------------+------------------+


The following table displays output ports that do not toggle to 1 during simulation.
+----------------------------------------------------------------------------------------------------------------------------------------------------------+
; Missing 1-Value Coverage                                                                                                                                 ;
+-------------------------------------------------------------------+-------------------------------------------------------------------+------------------+
; Node Name                                                         ; Output Port Name                                                  ; Output Port Type ;
+-------------------------------------------------------------------+-------------------------------------------------------------------+------------------+
; |RAM16x8bit|OUT[7]                                                ; |RAM16x8bit|OUT[7]                                                ; pin_out          ;
; |RAM16x8bit|OUT[6]                                                ; |RAM16x8bit|OUT[6]                                                ; pin_out          ;
; |RAM16x8bit|OUT~0                                                 ; |RAM16x8bit|OUT~0                                                 ; out0             ;
; |RAM16x8bit|OUT~1                                                 ; |RAM16x8bit|OUT~1                                                 ; out0             ;
; |RAM16x8bit|inst6[7]                                              ; |RAM16x8bit|inst6[7]                                              ; out              ;
; |RAM16x8bit|inst6[6]                                              ; |RAM16x8bit|inst6[6]                                              ; out              ;
; |RAM16x8bit|CS                                                    ; |RAM16x8bit|CS                                                    ; out              ;
; |RAM16x8bit|IN[7]                                                 ; |RAM16x8bit|IN[7]                                                 ; out              ;
; |RAM16x8bit|IN[6]                                                 ; |RAM16x8bit|IN[6]                                                 ; out              ;
; |RAM16x8bit|inst3[7]                                              ; |RAM16x8bit|inst3[7]                                              ; out              ;
; |RAM16x8bit|inst3[6]                                              ; |RAM16x8bit|inst3[6]                                              ; out              ;
; |RAM16x8bit|inst3[5]                                              ; |RAM16x8bit|inst3[5]                                              ; out              ;
; |RAM16x8bit|inst3[4]                                              ; |RAM16x8bit|inst3[4]                                              ; out              ;
; |RAM16x8bit|inst2[7]                                              ; |RAM16x8bit|inst2[7]                                              ; out              ;
; |RAM16x8bit|inst2[6]                                              ; |RAM16x8bit|inst2[6]                                              ; out              ;
; |RAM16x8bit|inst2[4]                                              ; |RAM16x8bit|inst2[4]                                              ; out              ;
; |RAM16x8bit|inst1[7]                                              ; |RAM16x8bit|inst1[7]                                              ; out              ;
; |RAM16x8bit|inst1[6]                                              ; |RAM16x8bit|inst1[6]                                              ; out              ;
; |RAM16x8bit|inst1[4]                                              ; |RAM16x8bit|inst1[4]                                              ; out              ;
; |RAM16x8bit|RAM4x8bit:inst10|OUT[7]                               ; |RAM16x8bit|RAM4x8bit:inst10|OUT[7]                               ; out0             ;
; |RAM16x8bit|RAM4x8bit:inst10|OUT[6]                               ; |RAM16x8bit|RAM4x8bit:inst10|OUT[6]                               ; out0             ;
; |RAM16x8bit|RAM4x8bit:inst10|OUT[4]                               ; |RAM16x8bit|RAM4x8bit:inst10|OUT[4]                               ; out0             ;
; |RAM16x8bit|RAM4x8bit:inst10|MCx8:inst|MCx4:inst|MC:inst6|inst    ; |RAM16x8bit|RAM4x8bit:inst10|MCx8:inst|MCx4:inst|MC:inst6|inst    ; out              ;
; |RAM16x8bit|RAM4x8bit:inst10|MCx8:inst|MCx4:inst|MC:inst6|inst0   ; |RAM16x8bit|RAM4x8bit:inst10|MCx8:inst|MCx4:inst|MC:inst6|inst0   ; out              ;
; |RAM16x8bit|RAM4x8bit:inst10|MCx8:inst|MCx4:inst|MC:inst4|inst    ; |RAM16x8bit|RAM4x8bit:inst10|MCx8:inst|MCx4:inst|MC:inst4|inst    ; out              ;
; |RAM16x8bit|RAM4x8bit:inst10|MCx8:inst|MCx4:inst|MC:inst4|inst0   ; |RAM16x8bit|RAM4x8bit:inst10|MCx8:inst|MCx4:inst|MC:inst4|inst0   ; out              ;
; |RAM16x8bit|RAM4x8bit:inst10|MCx8:inst|MCx4:inst|MC:inst|inst     ; |RAM16x8bit|RAM4x8bit:inst10|MCx8:inst|MCx4:inst|MC:inst|inst     ; out              ;
; |RAM16x8bit|RAM4x8bit:inst10|MCx8:inst|MCx4:inst|MC:inst|inst0    ; |RAM16x8bit|RAM4x8bit:inst10|MCx8:inst|MCx4:inst|MC:inst|inst0    ; out              ;
; |RAM16x8bit|RAM4x8bit:inst10|MCx8:inst|MCx4:inst1|MC:inst5|inst   ; |RAM16x8bit|RAM4x8bit:inst10|MCx8:inst|MCx4:inst1|MC:inst5|inst   ; out              ;
; |RAM16x8bit|RAM4x8bit:inst10|MCx8:inst|MCx4:inst1|MC:inst5|inst0  ; |RAM16x8bit|RAM4x8bit:inst10|MCx8:inst|MCx4:inst1|MC:inst5|inst0  ; out              ;
; |RAM16x8bit|RAM4x8bit:inst10|MCx8:inst|MCx4:inst1|MC:inst4|inst   ; |RAM16x8bit|RAM4x8bit:inst10|MCx8:inst|MCx4:inst1|MC:inst4|inst   ; out              ;
; |RAM16x8bit|RAM4x8bit:inst10|MCx8:inst|MCx4:inst1|MC:inst4|inst0  ; |RAM16x8bit|RAM4x8bit:inst10|MCx8:inst|MCx4:inst1|MC:inst4|inst0  ; out              ;
; |RAM16x8bit|RAM4x8bit:inst10|MCx8:inst1|MCx4:inst|MC:inst6|inst   ; |RAM16x8bit|RAM4x8bit:inst10|MCx8:inst1|MCx4:inst|MC:inst6|inst   ; out              ;
; |RAM16x8bit|RAM4x8bit:inst10|MCx8:inst1|MCx4:inst|MC:inst6|inst0  ; |RAM16x8bit|RAM4x8bit:inst10|MCx8:inst1|MCx4:inst|MC:inst6|inst0  ; out              ;
; |RAM16x8bit|RAM4x8bit:inst10|MCx8:inst1|MCx4:inst|MC:inst4|inst   ; |RAM16x8bit|RAM4x8bit:inst10|MCx8:inst1|MCx4:inst|MC:inst4|inst   ; out              ;
; |RAM16x8bit|RAM4x8bit:inst10|MCx8:inst1|MCx4:inst|MC:inst4|inst0  ; |RAM16x8bit|RAM4x8bit:inst10|MCx8:inst1|MCx4:inst|MC:inst4|inst0  ; out              ;
; |RAM16x8bit|RAM4x8bit:inst10|MCx8:inst1|MCx4:inst|MC:inst|inst    ; |RAM16x8bit|RAM4x8bit:inst10|MCx8:inst1|MCx4:inst|MC:inst|inst    ; out              ;
; |RAM16x8bit|RAM4x8bit:inst10|MCx8:inst1|MCx4:inst|MC:inst|inst0   ; |RAM16x8bit|RAM4x8bit:inst10|MCx8:inst1|MCx4:inst|MC:inst|inst0   ; out              ;
; |RAM16x8bit|RAM4x8bit:inst10|MCx8:inst1|MCx4:inst1|MC:inst4|inst  ; |RAM16x8bit|RAM4x8bit:inst10|MCx8:inst1|MCx4:inst1|MC:inst4|inst  ; out              ;
; |RAM16x8bit|RAM4x8bit:inst10|MCx8:inst1|MCx4:inst1|MC:inst4|inst0 ; |RAM16x8bit|RAM4x8bit:inst10|MCx8:inst1|MCx4:inst1|MC:inst4|inst0 ; out              ;
; |RAM16x8bit|RAM4x8bit:inst10|MCx8:inst2|MCx4:inst|MC:inst6|inst   ; |RAM16x8bit|RAM4x8bit:inst10|MCx8:inst2|MCx4:inst|MC:inst6|inst   ; out              ;
; |RAM16x8bit|RAM4x8bit:inst10|MCx8:inst2|MCx4:inst|MC:inst6|inst0  ; |RAM16x8bit|RAM4x8bit:inst10|MCx8:inst2|MCx4:inst|MC:inst6|inst0  ; out              ;
; |RAM16x8bit|RAM4x8bit:inst10|MCx8:inst2|MCx4:inst|MC:inst4|inst   ; |RAM16x8bit|RAM4x8bit:inst10|MCx8:inst2|MCx4:inst|MC:inst4|inst   ; out              ;
; |RAM16x8bit|RAM4x8bit:inst10|MCx8:inst2|MCx4:inst|MC:inst4|inst0  ; |RAM16x8bit|RAM4x8bit:inst10|MCx8:inst2|MCx4:inst|MC:inst4|inst0  ; out              ;
; |RAM16x8bit|RAM4x8bit:inst10|MCx8:inst2|MCx4:inst|MC:inst|inst    ; |RAM16x8bit|RAM4x8bit:inst10|MCx8:inst2|MCx4:inst|MC:inst|inst    ; out              ;
; |RAM16x8bit|RAM4x8bit:inst10|MCx8:inst2|MCx4:inst|MC:inst|inst0   ; |RAM16x8bit|RAM4x8bit:inst10|MCx8:inst2|MCx4:inst|MC:inst|inst0   ; out              ;
; |RAM16x8bit|RAM4x8bit:inst10|MCx8:inst2|MCx4:inst1|MC:inst4|inst  ; |RAM16x8bit|RAM4x8bit:inst10|MCx8:inst2|MCx4:inst1|MC:inst4|inst  ; out              ;
; |RAM16x8bit|RAM4x8bit:inst10|MCx8:inst2|MCx4:inst1|MC:inst4|inst0 ; |RAM16x8bit|RAM4x8bit:inst10|MCx8:inst2|MCx4:inst1|MC:inst4|inst0 ; out              ;
; |RAM16x8bit|RAM4x8bit:inst10|MCx8:inst3|MCx4:inst|MC:inst6|inst   ; |RAM16x8bit|RAM4x8bit:inst10|MCx8:inst3|MCx4:inst|MC:inst6|inst   ; out              ;
; |RAM16x8bit|RAM4x8bit:inst10|MCx8:inst3|MCx4:inst|MC:inst6|inst0  ; |RAM16x8bit|RAM4x8bit:inst10|MCx8:inst3|MCx4:inst|MC:inst6|inst0  ; out              ;
; |RAM16x8bit|RAM4x8bit:inst10|MCx8:inst3|MCx4:inst|MC:inst4|inst   ; |RAM16x8bit|RAM4x8bit:inst10|MCx8:inst3|MCx4:inst|MC:inst4|inst   ; out              ;
; |RAM16x8bit|RAM4x8bit:inst10|MCx8:inst3|MCx4:inst|MC:inst4|inst0  ; |RAM16x8bit|RAM4x8bit:inst10|MCx8:inst3|MCx4:inst|MC:inst4|inst0  ; out              ;
; |RAM16x8bit|RAM4x8bit:inst10|MCx8:inst3|MCx4:inst|MC:inst|inst    ; |RAM16x8bit|RAM4x8bit:inst10|MCx8:inst3|MCx4:inst|MC:inst|inst    ; out              ;
; |RAM16x8bit|RAM4x8bit:inst10|MCx8:inst3|MCx4:inst|MC:inst|inst0   ; |RAM16x8bit|RAM4x8bit:inst10|MCx8:inst3|MCx4:inst|MC:inst|inst0   ; out              ;
; |RAM16x8bit|RAM4x8bit:inst9|OUT[7]                                ; |RAM16x8bit|RAM4x8bit:inst9|OUT[7]                                ; out0             ;
; |RAM16x8bit|RAM4x8bit:inst9|OUT[6]                                ; |RAM16x8bit|RAM4x8bit:inst9|OUT[6]                                ; out0             ;
; |RAM16x8bit|RAM4x8bit:inst9|OUT[4]                                ; |RAM16x8bit|RAM4x8bit:inst9|OUT[4]                                ; out0             ;
; |RAM16x8bit|RAM4x8bit:inst9|MCx8:inst|MCx4:inst|MC:inst6|inst     ; |RAM16x8bit|RAM4x8bit:inst9|MCx8:inst|MCx4:inst|MC:inst6|inst     ; out              ;
; |RAM16x8bit|RAM4x8bit:inst9|MCx8:inst|MCx4:inst|MC:inst6|inst0    ; |RAM16x8bit|RAM4x8bit:inst9|MCx8:inst|MCx4:inst|MC:inst6|inst0    ; out              ;
; |RAM16x8bit|RAM4x8bit:inst9|MCx8:inst|MCx4:inst|MC:inst4|inst     ; |RAM16x8bit|RAM4x8bit:inst9|MCx8:inst|MCx4:inst|MC:inst4|inst     ; out              ;
; |RAM16x8bit|RAM4x8bit:inst9|MCx8:inst|MCx4:inst|MC:inst4|inst0    ; |RAM16x8bit|RAM4x8bit:inst9|MCx8:inst|MCx4:inst|MC:inst4|inst0    ; out              ;
; |RAM16x8bit|RAM4x8bit:inst9|MCx8:inst|MCx4:inst|MC:inst|inst      ; |RAM16x8bit|RAM4x8bit:inst9|MCx8:inst|MCx4:inst|MC:inst|inst      ; out              ;
; |RAM16x8bit|RAM4x8bit:inst9|MCx8:inst|MCx4:inst|MC:inst|inst0     ; |RAM16x8bit|RAM4x8bit:inst9|MCx8:inst|MCx4:inst|MC:inst|inst0     ; out              ;
; |RAM16x8bit|RAM4x8bit:inst9|MCx8:inst1|MCx4:inst|MC:inst6|inst    ; |RAM16x8bit|RAM4x8bit:inst9|MCx8:inst1|MCx4:inst|MC:inst6|inst    ; out              ;
; |RAM16x8bit|RAM4x8bit:inst9|MCx8:inst1|MCx4:inst|MC:inst6|inst0   ; |RAM16x8bit|RAM4x8bit:inst9|MCx8:inst1|MCx4:inst|MC:inst6|inst0   ; out              ;
; |RAM16x8bit|RAM4x8bit:inst9|MCx8:inst1|MCx4:inst|MC:inst5|inst    ; |RAM16x8bit|RAM4x8bit:inst9|MCx8:inst1|MCx4:inst|MC:inst5|inst    ; out              ;
; |RAM16x8bit|RAM4x8bit:inst9|MCx8:inst1|MCx4:inst|MC:inst5|inst0   ; |RAM16x8bit|RAM4x8bit:inst9|MCx8:inst1|MCx4:inst|MC:inst5|inst0   ; out              ;
; |RAM16x8bit|RAM4x8bit:inst9|MCx8:inst1|MCx4:inst|MC:inst4|inst    ; |RAM16x8bit|RAM4x8bit:inst9|MCx8:inst1|MCx4:inst|MC:inst4|inst    ; out              ;
; |RAM16x8bit|RAM4x8bit:inst9|MCx8:inst1|MCx4:inst|MC:inst4|inst0   ; |RAM16x8bit|RAM4x8bit:inst9|MCx8:inst1|MCx4:inst|MC:inst4|inst0   ; out              ;
; |RAM16x8bit|RAM4x8bit:inst9|MCx8:inst1|MCx4:inst|MC:inst|inst     ; |RAM16x8bit|RAM4x8bit:inst9|MCx8:inst1|MCx4:inst|MC:inst|inst     ; out              ;
; |RAM16x8bit|RAM4x8bit:inst9|MCx8:inst1|MCx4:inst|MC:inst|inst0    ; |RAM16x8bit|RAM4x8bit:inst9|MCx8:inst1|MCx4:inst|MC:inst|inst0    ; out              ;
; |RAM16x8bit|RAM4x8bit:inst9|MCx8:inst1|MCx4:inst1|MC:inst|inst    ; |RAM16x8bit|RAM4x8bit:inst9|MCx8:inst1|MCx4:inst1|MC:inst|inst    ; out              ;
; |RAM16x8bit|RAM4x8bit:inst9|MCx8:inst1|MCx4:inst1|MC:inst|inst0   ; |RAM16x8bit|RAM4x8bit:inst9|MCx8:inst1|MCx4:inst1|MC:inst|inst0   ; out              ;
; |RAM16x8bit|RAM4x8bit:inst9|MCx8:inst2|MCx4:inst|MC:inst6|inst    ; |RAM16x8bit|RAM4x8bit:inst9|MCx8:inst2|MCx4:inst|MC:inst6|inst    ; out              ;
; |RAM16x8bit|RAM4x8bit:inst9|MCx8:inst2|MCx4:inst|MC:inst6|inst0   ; |RAM16x8bit|RAM4x8bit:inst9|MCx8:inst2|MCx4:inst|MC:inst6|inst0   ; out              ;
; |RAM16x8bit|RAM4x8bit:inst9|MCx8:inst2|MCx4:inst|MC:inst5|inst    ; |RAM16x8bit|RAM4x8bit:inst9|MCx8:inst2|MCx4:inst|MC:inst5|inst    ; out              ;
; |RAM16x8bit|RAM4x8bit:inst9|MCx8:inst2|MCx4:inst|MC:inst5|inst0   ; |RAM16x8bit|RAM4x8bit:inst9|MCx8:inst2|MCx4:inst|MC:inst5|inst0   ; out              ;
; |RAM16x8bit|RAM4x8bit:inst9|MCx8:inst2|MCx4:inst|MC:inst4|inst    ; |RAM16x8bit|RAM4x8bit:inst9|MCx8:inst2|MCx4:inst|MC:inst4|inst    ; out              ;
; |RAM16x8bit|RAM4x8bit:inst9|MCx8:inst2|MCx4:inst|MC:inst4|inst0   ; |RAM16x8bit|RAM4x8bit:inst9|MCx8:inst2|MCx4:inst|MC:inst4|inst0   ; out              ;
; |RAM16x8bit|RAM4x8bit:inst9|MCx8:inst2|MCx4:inst|MC:inst|inst     ; |RAM16x8bit|RAM4x8bit:inst9|MCx8:inst2|MCx4:inst|MC:inst|inst     ; out              ;
; |RAM16x8bit|RAM4x8bit:inst9|MCx8:inst2|MCx4:inst|MC:inst|inst0    ; |RAM16x8bit|RAM4x8bit:inst9|MCx8:inst2|MCx4:inst|MC:inst|inst0    ; out              ;
; |RAM16x8bit|RAM4x8bit:inst9|MCx8:inst3|MCx4:inst|MC:inst6|inst    ; |RAM16x8bit|RAM4x8bit:inst9|MCx8:inst3|MCx4:inst|MC:inst6|inst    ; out              ;
; |RAM16x8bit|RAM4x8bit:inst9|MCx8:inst3|MCx4:inst|MC:inst6|inst0   ; |RAM16x8bit|RAM4x8bit:inst9|MCx8:inst3|MCx4:inst|MC:inst6|inst0   ; out              ;
; |RAM16x8bit|RAM4x8bit:inst9|MCx8:inst3|MCx4:inst|MC:inst5|inst    ; |RAM16x8bit|RAM4x8bit:inst9|MCx8:inst3|MCx4:inst|MC:inst5|inst    ; out              ;
; |RAM16x8bit|RAM4x8bit:inst9|MCx8:inst3|MCx4:inst|MC:inst5|inst0   ; |RAM16x8bit|RAM4x8bit:inst9|MCx8:inst3|MCx4:inst|MC:inst5|inst0   ; out              ;
; |RAM16x8bit|RAM4x8bit:inst9|MCx8:inst3|MCx4:inst|MC:inst4|inst    ; |RAM16x8bit|RAM4x8bit:inst9|MCx8:inst3|MCx4:inst|MC:inst4|inst    ; out              ;
; |RAM16x8bit|RAM4x8bit:inst9|MCx8:inst3|MCx4:inst|MC:inst4|inst0   ; |RAM16x8bit|RAM4x8bit:inst9|MCx8:inst3|MCx4:inst|MC:inst4|inst0   ; out              ;
; |RAM16x8bit|RAM4x8bit:inst9|MCx8:inst3|MCx4:inst|MC:inst|inst     ; |RAM16x8bit|RAM4x8bit:inst9|MCx8:inst3|MCx4:inst|MC:inst|inst     ; out              ;
; |RAM16x8bit|RAM4x8bit:inst9|MCx8:inst3|MCx4:inst|MC:inst|inst0    ; |RAM16x8bit|RAM4x8bit:inst9|MCx8:inst3|MCx4:inst|MC:inst|inst0    ; out              ;
; |RAM16x8bit|RAM4x8bit:inst9|MCx8:inst3|MCx4:inst1|MC:inst4|inst   ; |RAM16x8bit|RAM4x8bit:inst9|MCx8:inst3|MCx4:inst1|MC:inst4|inst   ; out              ;
; |RAM16x8bit|RAM4x8bit:inst9|MCx8:inst3|MCx4:inst1|MC:inst4|inst0  ; |RAM16x8bit|RAM4x8bit:inst9|MCx8:inst3|MCx4:inst1|MC:inst4|inst0  ; out              ;
; |RAM16x8bit|RAM4x8bit:inst7|OUT[7]                                ; |RAM16x8bit|RAM4x8bit:inst7|OUT[7]                                ; out0             ;
; |RAM16x8bit|RAM4x8bit:inst7|OUT[6]                                ; |RAM16x8bit|RAM4x8bit:inst7|OUT[6]                                ; out0             ;
; |RAM16x8bit|RAM4x8bit:inst7|OUT[5]                                ; |RAM16x8bit|RAM4x8bit:inst7|OUT[5]                                ; out0             ;
; |RAM16x8bit|RAM4x8bit:inst7|OUT[4]                                ; |RAM16x8bit|RAM4x8bit:inst7|OUT[4]                                ; out0             ;
; |RAM16x8bit|RAM4x8bit:inst7|MCx8:inst|MCx4:inst|MC:inst6|inst     ; |RAM16x8bit|RAM4x8bit:inst7|MCx8:inst|MCx4:inst|MC:inst6|inst     ; out              ;
; |RAM16x8bit|RAM4x8bit:inst7|MCx8:inst|MCx4:inst|MC:inst6|inst0    ; |RAM16x8bit|RAM4x8bit:inst7|MCx8:inst|MCx4:inst|MC:inst6|inst0    ; out              ;
; |RAM16x8bit|RAM4x8bit:inst7|MCx8:inst|MCx4:inst|MC:inst5|inst     ; |RAM16x8bit|RAM4x8bit:inst7|MCx8:inst|MCx4:inst|MC:inst5|inst     ; out              ;
; |RAM16x8bit|RAM4x8bit:inst7|MCx8:inst|MCx4:inst|MC:inst5|inst0    ; |RAM16x8bit|RAM4x8bit:inst7|MCx8:inst|MCx4:inst|MC:inst5|inst0    ; out              ;
; |RAM16x8bit|RAM4x8bit:inst7|MCx8:inst|MCx4:inst|MC:inst4|inst     ; |RAM16x8bit|RAM4x8bit:inst7|MCx8:inst|MCx4:inst|MC:inst4|inst     ; out              ;
; |RAM16x8bit|RAM4x8bit:inst7|MCx8:inst|MCx4:inst|MC:inst4|inst0    ; |RAM16x8bit|RAM4x8bit:inst7|MCx8:inst|MCx4:inst|MC:inst4|inst0    ; out              ;
; |RAM16x8bit|RAM4x8bit:inst7|MCx8:inst|MCx4:inst|MC:inst|inst      ; |RAM16x8bit|RAM4x8bit:inst7|MCx8:inst|MCx4:inst|MC:inst|inst      ; out              ;
; |RAM16x8bit|RAM4x8bit:inst7|MCx8:inst|MCx4:inst|MC:inst|inst0     ; |RAM16x8bit|RAM4x8bit:inst7|MCx8:inst|MCx4:inst|MC:inst|inst0     ; out              ;
; |RAM16x8bit|RAM4x8bit:inst7|MCx8:inst|MCx4:inst1|MC:inst4|inst    ; |RAM16x8bit|RAM4x8bit:inst7|MCx8:inst|MCx4:inst1|MC:inst4|inst    ; out              ;
; |RAM16x8bit|RAM4x8bit:inst7|MCx8:inst|MCx4:inst1|MC:inst4|inst0   ; |RAM16x8bit|RAM4x8bit:inst7|MCx8:inst|MCx4:inst1|MC:inst4|inst0   ; out              ;
; |RAM16x8bit|RAM4x8bit:inst7|MCx8:inst1|MCx4:inst|MC:inst6|inst    ; |RAM16x8bit|RAM4x8bit:inst7|MCx8:inst1|MCx4:inst|MC:inst6|inst    ; out              ;
; |RAM16x8bit|RAM4x8bit:inst7|MCx8:inst1|MCx4:inst|MC:inst6|inst0   ; |RAM16x8bit|RAM4x8bit:inst7|MCx8:inst1|MCx4:inst|MC:inst6|inst0   ; out              ;
; |RAM16x8bit|RAM4x8bit:inst7|MCx8:inst1|MCx4:inst|MC:inst5|inst    ; |RAM16x8bit|RAM4x8bit:inst7|MCx8:inst1|MCx4:inst|MC:inst5|inst    ; out              ;
; |RAM16x8bit|RAM4x8bit:inst7|MCx8:inst1|MCx4:inst|MC:inst5|inst0   ; |RAM16x8bit|RAM4x8bit:inst7|MCx8:inst1|MCx4:inst|MC:inst5|inst0   ; out              ;
; |RAM16x8bit|RAM4x8bit:inst7|MCx8:inst1|MCx4:inst|MC:inst4|inst    ; |RAM16x8bit|RAM4x8bit:inst7|MCx8:inst1|MCx4:inst|MC:inst4|inst    ; out              ;
; |RAM16x8bit|RAM4x8bit:inst7|MCx8:inst1|MCx4:inst|MC:inst4|inst0   ; |RAM16x8bit|RAM4x8bit:inst7|MCx8:inst1|MCx4:inst|MC:inst4|inst0   ; out              ;
; |RAM16x8bit|RAM4x8bit:inst7|MCx8:inst1|MCx4:inst|MC:inst|inst     ; |RAM16x8bit|RAM4x8bit:inst7|MCx8:inst1|MCx4:inst|MC:inst|inst     ; out              ;
; |RAM16x8bit|RAM4x8bit:inst7|MCx8:inst1|MCx4:inst|MC:inst|inst0    ; |RAM16x8bit|RAM4x8bit:inst7|MCx8:inst1|MCx4:inst|MC:inst|inst0    ; out              ;
; |RAM16x8bit|RAM4x8bit:inst7|MCx8:inst2|MCx4:inst|MC:inst6|inst    ; |RAM16x8bit|RAM4x8bit:inst7|MCx8:inst2|MCx4:inst|MC:inst6|inst    ; out              ;
; |RAM16x8bit|RAM4x8bit:inst7|MCx8:inst2|MCx4:inst|MC:inst6|inst0   ; |RAM16x8bit|RAM4x8bit:inst7|MCx8:inst2|MCx4:inst|MC:inst6|inst0   ; out              ;
; |RAM16x8bit|RAM4x8bit:inst7|MCx8:inst2|MCx4:inst|MC:inst5|inst    ; |RAM16x8bit|RAM4x8bit:inst7|MCx8:inst2|MCx4:inst|MC:inst5|inst    ; out              ;
; |RAM16x8bit|RAM4x8bit:inst7|MCx8:inst2|MCx4:inst|MC:inst5|inst0   ; |RAM16x8bit|RAM4x8bit:inst7|MCx8:inst2|MCx4:inst|MC:inst5|inst0   ; out              ;
; |RAM16x8bit|RAM4x8bit:inst7|MCx8:inst2|MCx4:inst|MC:inst4|inst    ; |RAM16x8bit|RAM4x8bit:inst7|MCx8:inst2|MCx4:inst|MC:inst4|inst    ; out              ;
; |RAM16x8bit|RAM4x8bit:inst7|MCx8:inst2|MCx4:inst|MC:inst4|inst0   ; |RAM16x8bit|RAM4x8bit:inst7|MCx8:inst2|MCx4:inst|MC:inst4|inst0   ; out              ;
; |RAM16x8bit|RAM4x8bit:inst7|MCx8:inst2|MCx4:inst|MC:inst|inst     ; |RAM16x8bit|RAM4x8bit:inst7|MCx8:inst2|MCx4:inst|MC:inst|inst     ; out              ;
; |RAM16x8bit|RAM4x8bit:inst7|MCx8:inst2|MCx4:inst|MC:inst|inst0    ; |RAM16x8bit|RAM4x8bit:inst7|MCx8:inst2|MCx4:inst|MC:inst|inst0    ; out              ;
; |RAM16x8bit|RAM4x8bit:inst7|MCx8:inst2|MCx4:inst1|MC:inst5|inst   ; |RAM16x8bit|RAM4x8bit:inst7|MCx8:inst2|MCx4:inst1|MC:inst5|inst   ; out              ;
; |RAM16x8bit|RAM4x8bit:inst7|MCx8:inst2|MCx4:inst1|MC:inst5|inst0  ; |RAM16x8bit|RAM4x8bit:inst7|MCx8:inst2|MCx4:inst1|MC:inst5|inst0  ; out              ;
; |RAM16x8bit|RAM4x8bit:inst7|MCx8:inst3|MCx4:inst|MC:inst6|inst    ; |RAM16x8bit|RAM4x8bit:inst7|MCx8:inst3|MCx4:inst|MC:inst6|inst    ; out              ;
; |RAM16x8bit|RAM4x8bit:inst7|MCx8:inst3|MCx4:inst|MC:inst6|inst0   ; |RAM16x8bit|RAM4x8bit:inst7|MCx8:inst3|MCx4:inst|MC:inst6|inst0   ; out              ;
; |RAM16x8bit|RAM4x8bit:inst7|MCx8:inst3|MCx4:inst|MC:inst5|inst    ; |RAM16x8bit|RAM4x8bit:inst7|MCx8:inst3|MCx4:inst|MC:inst5|inst    ; out              ;
; |RAM16x8bit|RAM4x8bit:inst7|MCx8:inst3|MCx4:inst|MC:inst5|inst0   ; |RAM16x8bit|RAM4x8bit:inst7|MCx8:inst3|MCx4:inst|MC:inst5|inst0   ; out              ;
; |RAM16x8bit|RAM4x8bit:inst7|MCx8:inst3|MCx4:inst|MC:inst4|inst    ; |RAM16x8bit|RAM4x8bit:inst7|MCx8:inst3|MCx4:inst|MC:inst4|inst    ; out              ;
; |RAM16x8bit|RAM4x8bit:inst7|MCx8:inst3|MCx4:inst|MC:inst4|inst0   ; |RAM16x8bit|RAM4x8bit:inst7|MCx8:inst3|MCx4:inst|MC:inst4|inst0   ; out              ;
; |RAM16x8bit|RAM4x8bit:inst7|MCx8:inst3|MCx4:inst|MC:inst|inst     ; |RAM16x8bit|RAM4x8bit:inst7|MCx8:inst3|MCx4:inst|MC:inst|inst     ; out              ;
; |RAM16x8bit|RAM4x8bit:inst7|MCx8:inst3|MCx4:inst|MC:inst|inst0    ; |RAM16x8bit|RAM4x8bit:inst7|MCx8:inst3|MCx4:inst|MC:inst|inst0    ; out              ;
; |RAM16x8bit|RAM4x8bit:inst|OUT[7]                                 ; |RAM16x8bit|RAM4x8bit:inst|OUT[7]                                 ; out0             ;
; |RAM16x8bit|RAM4x8bit:inst|OUT[6]                                 ; |RAM16x8bit|RAM4x8bit:inst|OUT[6]                                 ; out0             ;
; |RAM16x8bit|RAM4x8bit:inst|MCx8:inst|MCx4:inst|MC:inst5|inst      ; |RAM16x8bit|RAM4x8bit:inst|MCx8:inst|MCx4:inst|MC:inst5|inst      ; out              ;
; |RAM16x8bit|RAM4x8bit:inst|MCx8:inst|MCx4:inst|MC:inst5|inst0     ; |RAM16x8bit|RAM4x8bit:inst|MCx8:inst|MCx4:inst|MC:inst5|inst0     ; out              ;
; |RAM16x8bit|RAM4x8bit:inst|MCx8:inst|MCx4:inst|MC:inst4|inst      ; |RAM16x8bit|RAM4x8bit:inst|MCx8:inst|MCx4:inst|MC:inst4|inst      ; out              ;
; |RAM16x8bit|RAM4x8bit:inst|MCx8:inst|MCx4:inst|MC:inst4|inst0     ; |RAM16x8bit|RAM4x8bit:inst|MCx8:inst|MCx4:inst|MC:inst4|inst0     ; out              ;
; |RAM16x8bit|RAM4x8bit:inst|MCx8:inst|MCx4:inst|MC:inst|inst       ; |RAM16x8bit|RAM4x8bit:inst|MCx8:inst|MCx4:inst|MC:inst|inst       ; out              ;
; |RAM16x8bit|RAM4x8bit:inst|MCx8:inst|MCx4:inst|MC:inst|inst0      ; |RAM16x8bit|RAM4x8bit:inst|MCx8:inst|MCx4:inst|MC:inst|inst0      ; out              ;
; |RAM16x8bit|RAM4x8bit:inst|MCx8:inst1|MCx4:inst|MC:inst5|inst     ; |RAM16x8bit|RAM4x8bit:inst|MCx8:inst1|MCx4:inst|MC:inst5|inst     ; out              ;
; |RAM16x8bit|RAM4x8bit:inst|MCx8:inst1|MCx4:inst|MC:inst5|inst0    ; |RAM16x8bit|RAM4x8bit:inst|MCx8:inst1|MCx4:inst|MC:inst5|inst0    ; out              ;
; |RAM16x8bit|RAM4x8bit:inst|MCx8:inst1|MCx4:inst|MC:inst4|inst     ; |RAM16x8bit|RAM4x8bit:inst|MCx8:inst1|MCx4:inst|MC:inst4|inst     ; out              ;
; |RAM16x8bit|RAM4x8bit:inst|MCx8:inst1|MCx4:inst|MC:inst4|inst0    ; |RAM16x8bit|RAM4x8bit:inst|MCx8:inst1|MCx4:inst|MC:inst4|inst0    ; out              ;
; |RAM16x8bit|RAM4x8bit:inst|MCx8:inst1|MCx4:inst|MC:inst|inst      ; |RAM16x8bit|RAM4x8bit:inst|MCx8:inst1|MCx4:inst|MC:inst|inst      ; out              ;
; |RAM16x8bit|RAM4x8bit:inst|MCx8:inst1|MCx4:inst|MC:inst|inst0     ; |RAM16x8bit|RAM4x8bit:inst|MCx8:inst1|MCx4:inst|MC:inst|inst0     ; out              ;
; |RAM16x8bit|RAM4x8bit:inst|MCx8:inst1|MCx4:inst1|MC:inst5|inst    ; |RAM16x8bit|RAM4x8bit:inst|MCx8:inst1|MCx4:inst1|MC:inst5|inst    ; out              ;
; |RAM16x8bit|RAM4x8bit:inst|MCx8:inst1|MCx4:inst1|MC:inst5|inst0   ; |RAM16x8bit|RAM4x8bit:inst|MCx8:inst1|MCx4:inst1|MC:inst5|inst0   ; out              ;
; |RAM16x8bit|RAM4x8bit:inst|MCx8:inst1|MCx4:inst1|MC:inst4|inst    ; |RAM16x8bit|RAM4x8bit:inst|MCx8:inst1|MCx4:inst1|MC:inst4|inst    ; out              ;
; |RAM16x8bit|RAM4x8bit:inst|MCx8:inst1|MCx4:inst1|MC:inst4|inst0   ; |RAM16x8bit|RAM4x8bit:inst|MCx8:inst1|MCx4:inst1|MC:inst4|inst0   ; out              ;
; |RAM16x8bit|RAM4x8bit:inst|MCx8:inst1|MCx4:inst1|MC:inst|inst     ; |RAM16x8bit|RAM4x8bit:inst|MCx8:inst1|MCx4:inst1|MC:inst|inst     ; out              ;
; |RAM16x8bit|RAM4x8bit:inst|MCx8:inst1|MCx4:inst1|MC:inst|inst0    ; |RAM16x8bit|RAM4x8bit:inst|MCx8:inst1|MCx4:inst1|MC:inst|inst0    ; out              ;
; |RAM16x8bit|RAM4x8bit:inst|MCx8:inst2|MCx4:inst|MC:inst5|inst     ; |RAM16x8bit|RAM4x8bit:inst|MCx8:inst2|MCx4:inst|MC:inst5|inst     ; out              ;
; |RAM16x8bit|RAM4x8bit:inst|MCx8:inst2|MCx4:inst|MC:inst5|inst0    ; |RAM16x8bit|RAM4x8bit:inst|MCx8:inst2|MCx4:inst|MC:inst5|inst0    ; out              ;
; |RAM16x8bit|RAM4x8bit:inst|MCx8:inst2|MCx4:inst|MC:inst4|inst     ; |RAM16x8bit|RAM4x8bit:inst|MCx8:inst2|MCx4:inst|MC:inst4|inst     ; out              ;
; |RAM16x8bit|RAM4x8bit:inst|MCx8:inst2|MCx4:inst|MC:inst4|inst0    ; |RAM16x8bit|RAM4x8bit:inst|MCx8:inst2|MCx4:inst|MC:inst4|inst0    ; out              ;
; |RAM16x8bit|RAM4x8bit:inst|MCx8:inst2|MCx4:inst|MC:inst|inst      ; |RAM16x8bit|RAM4x8bit:inst|MCx8:inst2|MCx4:inst|MC:inst|inst      ; out              ;
; |RAM16x8bit|RAM4x8bit:inst|MCx8:inst2|MCx4:inst|MC:inst|inst0     ; |RAM16x8bit|RAM4x8bit:inst|MCx8:inst2|MCx4:inst|MC:inst|inst0     ; out              ;
; |RAM16x8bit|RAM4x8bit:inst|MCx8:inst2|MCx4:inst1|MC:inst4|inst    ; |RAM16x8bit|RAM4x8bit:inst|MCx8:inst2|MCx4:inst1|MC:inst4|inst    ; out              ;
; |RAM16x8bit|RAM4x8bit:inst|MCx8:inst2|MCx4:inst1|MC:inst4|inst0   ; |RAM16x8bit|RAM4x8bit:inst|MCx8:inst2|MCx4:inst1|MC:inst4|inst0   ; out              ;
; |RAM16x8bit|RAM4x8bit:inst|MCx8:inst2|MCx4:inst1|MC:inst|inst     ; |RAM16x8bit|RAM4x8bit:inst|MCx8:inst2|MCx4:inst1|MC:inst|inst     ; out              ;
; |RAM16x8bit|RAM4x8bit:inst|MCx8:inst2|MCx4:inst1|MC:inst|inst0    ; |RAM16x8bit|RAM4x8bit:inst|MCx8:inst2|MCx4:inst1|MC:inst|inst0    ; out              ;
; |RAM16x8bit|RAM4x8bit:inst|MCx8:inst3|MCx4:inst|MC:inst4|inst     ; |RAM16x8bit|RAM4x8bit:inst|MCx8:inst3|MCx4:inst|MC:inst4|inst     ; out              ;
; |RAM16x8bit|RAM4x8bit:inst|MCx8:inst3|MCx4:inst|MC:inst4|inst0    ; |RAM16x8bit|RAM4x8bit:inst|MCx8:inst3|MCx4:inst|MC:inst4|inst0    ; out              ;
; |RAM16x8bit|RAM4x8bit:inst|MCx8:inst3|MCx4:inst|MC:inst|inst      ; |RAM16x8bit|RAM4x8bit:inst|MCx8:inst3|MCx4:inst|MC:inst|inst      ; out              ;
; |RAM16x8bit|RAM4x8bit:inst|MCx8:inst3|MCx4:inst|MC:inst|inst0     ; |RAM16x8bit|RAM4x8bit:inst|MCx8:inst3|MCx4:inst|MC:inst|inst0     ; out              ;
; |RAM16x8bit|RAM4x8bit:inst|MCx8:inst3|MCx4:inst1|MC:inst|inst     ; |RAM16x8bit|RAM4x8bit:inst|MCx8:inst3|MCx4:inst1|MC:inst|inst     ; out              ;
+-------------------------------------------------------------------+-------------------------------------------------------------------+------------------+


The following table displays output ports that do not toggle to 0 during simulation.
+----------------------------------------------------------------------------------------------------------------------------------------------------------+
; Missing 0-Value Coverage                                                                                                                                 ;
+-------------------------------------------------------------------+-------------------------------------------------------------------+------------------+
; Node Name                                                         ; Output Port Name                                                  ; Output Port Type ;
+-------------------------------------------------------------------+-------------------------------------------------------------------+------------------+
; |RAM16x8bit|CS                                                    ; |RAM16x8bit|CS                                                    ; out              ;
; |RAM16x8bit|IN[7]                                                 ; |RAM16x8bit|IN[7]                                                 ; out              ;
; |RAM16x8bit|IN[6]                                                 ; |RAM16x8bit|IN[6]                                                 ; out              ;
; |RAM16x8bit|IN[5]                                                 ; |RAM16x8bit|IN[5]                                                 ; out              ;
; |RAM16x8bit|inst3[3]                                              ; |RAM16x8bit|inst3[3]                                              ; out              ;
; |RAM16x8bit|RAM4x8bit:inst10|MCx8:inst2|MCx4:inst1|MC:inst5|inst  ; |RAM16x8bit|RAM4x8bit:inst10|MCx8:inst2|MCx4:inst1|MC:inst5|inst  ; out              ;
; |RAM16x8bit|RAM4x8bit:inst10|MCx8:inst2|MCx4:inst1|MC:inst5|inst0 ; |RAM16x8bit|RAM4x8bit:inst10|MCx8:inst2|MCx4:inst1|MC:inst5|inst0 ; out              ;
; |RAM16x8bit|RAM4x8bit:inst9|MCx8:inst|MCx4:inst1|MC:inst4|inst    ; |RAM16x8bit|RAM4x8bit:inst9|MCx8:inst|MCx4:inst1|MC:inst4|inst    ; out              ;
; |RAM16x8bit|RAM4x8bit:inst9|MCx8:inst|MCx4:inst1|MC:inst4|inst0   ; |RAM16x8bit|RAM4x8bit:inst9|MCx8:inst|MCx4:inst1|MC:inst4|inst0   ; out              ;
; |RAM16x8bit|RAM4x8bit:inst9|MCx8:inst1|MCx4:inst1|MC:inst5|inst   ; |RAM16x8bit|RAM4x8bit:inst9|MCx8:inst1|MCx4:inst1|MC:inst5|inst   ; out              ;
; |RAM16x8bit|RAM4x8bit:inst9|MCx8:inst1|MCx4:inst1|MC:inst5|inst0  ; |RAM16x8bit|RAM4x8bit:inst9|MCx8:inst1|MCx4:inst1|MC:inst5|inst0  ; out              ;
; |RAM16x8bit|RAM4x8bit:inst9|MCx8:inst1|MCx4:inst1|MC:inst4|inst   ; |RAM16x8bit|RAM4x8bit:inst9|MCx8:inst1|MCx4:inst1|MC:inst4|inst   ; out              ;
; |RAM16x8bit|RAM4x8bit:inst9|MCx8:inst1|MCx4:inst1|MC:inst4|inst0  ; |RAM16x8bit|RAM4x8bit:inst9|MCx8:inst1|MCx4:inst1|MC:inst4|inst0  ; out              ;
; |RAM16x8bit|RAM4x8bit:inst9|MCx8:inst3|MCx4:inst1|MC:inst|inst    ; |RAM16x8bit|RAM4x8bit:inst9|MCx8:inst3|MCx4:inst1|MC:inst|inst    ; out              ;
; |RAM16x8bit|RAM4x8bit:inst9|MCx8:inst3|MCx4:inst1|MC:inst|inst0   ; |RAM16x8bit|RAM4x8bit:inst9|MCx8:inst3|MCx4:inst1|MC:inst|inst0   ; out              ;
; |RAM16x8bit|RAM4x8bit:inst7|OUT[3]                                ; |RAM16x8bit|RAM4x8bit:inst7|OUT[3]                                ; out0             ;
; |RAM16x8bit|RAM4x8bit:inst7|MCx8:inst|MCx4:inst1|MC:inst5|inst    ; |RAM16x8bit|RAM4x8bit:inst7|MCx8:inst|MCx4:inst1|MC:inst5|inst    ; out              ;
; |RAM16x8bit|RAM4x8bit:inst7|MCx8:inst|MCx4:inst1|MC:inst5|inst0   ; |RAM16x8bit|RAM4x8bit:inst7|MCx8:inst|MCx4:inst1|MC:inst5|inst0   ; out              ;
; |RAM16x8bit|RAM4x8bit:inst7|MCx8:inst|MCx4:inst1|MC:inst|inst     ; |RAM16x8bit|RAM4x8bit:inst7|MCx8:inst|MCx4:inst1|MC:inst|inst     ; out              ;
; |RAM16x8bit|RAM4x8bit:inst7|MCx8:inst|MCx4:inst1|MC:inst|inst0    ; |RAM16x8bit|RAM4x8bit:inst7|MCx8:inst|MCx4:inst1|MC:inst|inst0    ; out              ;
; |RAM16x8bit|RAM4x8bit:inst7|MCx8:inst1|MCx4:inst1|MC:inst|inst    ; |RAM16x8bit|RAM4x8bit:inst7|MCx8:inst1|MCx4:inst1|MC:inst|inst    ; out              ;
; |RAM16x8bit|RAM4x8bit:inst7|MCx8:inst1|MCx4:inst1|MC:inst|inst0   ; |RAM16x8bit|RAM4x8bit:inst7|MCx8:inst1|MCx4:inst1|MC:inst|inst0   ; out              ;
; |RAM16x8bit|RAM4x8bit:inst7|MCx8:inst2|MCx4:inst1|MC:inst4|inst   ; |RAM16x8bit|RAM4x8bit:inst7|MCx8:inst2|MCx4:inst1|MC:inst4|inst   ; out              ;
; |RAM16x8bit|RAM4x8bit:inst7|MCx8:inst2|MCx4:inst1|MC:inst4|inst0  ; |RAM16x8bit|RAM4x8bit:inst7|MCx8:inst2|MCx4:inst1|MC:inst4|inst0  ; out              ;
; |RAM16x8bit|RAM4x8bit:inst7|MCx8:inst2|MCx4:inst1|MC:inst|inst    ; |RAM16x8bit|RAM4x8bit:inst7|MCx8:inst2|MCx4:inst1|MC:inst|inst    ; out              ;
; |RAM16x8bit|RAM4x8bit:inst7|MCx8:inst2|MCx4:inst1|MC:inst|inst0   ; |RAM16x8bit|RAM4x8bit:inst7|MCx8:inst2|MCx4:inst1|MC:inst|inst0   ; out              ;
; |RAM16x8bit|RAM4x8bit:inst7|MCx8:inst3|MCx4:inst1|MC:inst4|inst   ; |RAM16x8bit|RAM4x8bit:inst7|MCx8:inst3|MCx4:inst1|MC:inst4|inst   ; out              ;
; |RAM16x8bit|RAM4x8bit:inst7|MCx8:inst3|MCx4:inst1|MC:inst4|inst0  ; |RAM16x8bit|RAM4x8bit:inst7|MCx8:inst3|MCx4:inst1|MC:inst4|inst0  ; out              ;
; |RAM16x8bit|RAM4x8bit:inst7|MCx8:inst3|MCx4:inst1|MC:inst|inst    ; |RAM16x8bit|RAM4x8bit:inst7|MCx8:inst3|MCx4:inst1|MC:inst|inst    ; out              ;
; |RAM16x8bit|RAM4x8bit:inst7|MCx8:inst3|MCx4:inst1|MC:inst|inst0   ; |RAM16x8bit|RAM4x8bit:inst7|MCx8:inst3|MCx4:inst1|MC:inst|inst0   ; out              ;
; |RAM16x8bit|RAM4x8bit:inst|MCx8:inst1|MCx4:inst|MC:inst6|inst     ; |RAM16x8bit|RAM4x8bit:inst|MCx8:inst1|MCx4:inst|MC:inst6|inst     ; out              ;
; |RAM16x8bit|RAM4x8bit:inst|MCx8:inst1|MCx4:inst|MC:inst6|inst0    ; |RAM16x8bit|RAM4x8bit:inst|MCx8:inst1|MCx4:inst|MC:inst6|inst0    ; out              ;
; |RAM16x8bit|RAM4x8bit:inst|MCx8:inst2|MCx4:inst|MC:inst6|inst     ; |RAM16x8bit|RAM4x8bit:inst|MCx8:inst2|MCx4:inst|MC:inst6|inst     ; out              ;
; |RAM16x8bit|RAM4x8bit:inst|MCx8:inst2|MCx4:inst|MC:inst6|inst0    ; |RAM16x8bit|RAM4x8bit:inst|MCx8:inst2|MCx4:inst|MC:inst6|inst0    ; out              ;
+-------------------------------------------------------------------+-------------------------------------------------------------------+------------------+


+---------------------+
; Simulator INI Usage ;
+--------+------------+
; Option ; Usage      ;
+--------+------------+


+--------------------+
; Simulator Messages ;
+--------------------+
Info: *******************************************************************
Info: Running Quartus II 64-Bit Simulator
    Info: Version 13.0.1 Build 232 06/12/2013 Service Pack 1 SJ Web Edition
    Info: Processing started: Sun Mar 26 22:29:02 2023
Info: Command: quartus_sim --simulation_results_format=VWF RAM32x8bit -c RAM32x8bit
Info (324025): Using vector source file "E:/THIET_KE_LUAN_LY_SO/RAM32x8bit/RAM16X8BITWF.vwf"
Info (310003): Option to preserve fewer signal transitions to reduce memory requirements is enabled
    Info (310004): Simulation has been partitioned into sub-simulations according to the maximum transition count determined by the engine. Transitions from memory will be flushed out to disk at the end of each sub-simulation to reduce memory requirements.
Info (310002): Simulation partitioned into 1 sub-simulations
Info (328053): Simulation coverage is      62.04 %
Info (328052): Number of transitions in simulation is 4992
Info (324045): Vector file RAM32x8bit.sim.vwf is saved in VWF text format. You can compress it into CVWF format in order to reduce file size. For more details please refer to the Quartus II Help.
Info: Quartus II 64-Bit Simulator was successful. 0 errors, 0 warnings
    Info: Peak virtual memory: 4444 megabytes
    Info: Processing ended: Sun Mar 26 22:29:02 2023
    Info: Elapsed time: 00:00:00
    Info: Total CPU time (on all processors): 00:00:00


